Archive member included to satisfy reference by file (symbol)

C:/MaximSDK/Libraries/PeriphDrivers/bin/MAX78000/spi-v1_softfp/libPeriphDriver_spi-v1_softfp.a(mxc_delay.o)
                              c:/MaximSDK/Examples/MAX78000/CNN/fish/build/main.o (MXC_Delay)
C:/MaximSDK/Libraries/PeriphDrivers/bin/MAX78000/spi-v1_softfp/libPeriphDriver_spi-v1_softfp.a(nvic_table.o)
                              c:/MaximSDK/Examples/MAX78000/CNN/fish/build/cnn.o (MXC_NVIC_SetVector)
C:/MaximSDK/Libraries/PeriphDrivers/bin/MAX78000/spi-v1_softfp/libPeriphDriver_spi-v1_softfp.a(pins_ai85.o)
                              c:/MaximSDK/Examples/MAX78000/CNN/fish/build/camera.o (gpio_cfg_pcif_xclk)
C:/MaximSDK/Libraries/PeriphDrivers/bin/MAX78000/spi-v1_softfp/libPeriphDriver_spi-v1_softfp.a(sys_ai85.o)
                              c:/MaximSDK/Examples/MAX78000/CNN/fish/build/cnn.o (MXC_SYS_ClockDisable)
C:/MaximSDK/Libraries/PeriphDrivers/bin/MAX78000/spi-v1_softfp/libPeriphDriver_spi-v1_softfp.a(aes_me17.o)
                              C:/MaximSDK/Libraries/PeriphDrivers/bin/MAX78000/spi-v1_softfp/libPeriphDriver_spi-v1_softfp.a(sys_ai85.o) (MXC_AES_Init)
C:/MaximSDK/Libraries/PeriphDrivers/bin/MAX78000/spi-v1_softfp/libPeriphDriver_spi-v1_softfp.a(aes_revb.o)
                              C:/MaximSDK/Libraries/PeriphDrivers/bin/MAX78000/spi-v1_softfp/libPeriphDriver_spi-v1_softfp.a(aes_me17.o) (MXC_AES_RevB_Init)
C:/MaximSDK/Libraries/PeriphDrivers/bin/MAX78000/spi-v1_softfp/libPeriphDriver_spi-v1_softfp.a(cameraif_ai85.o)
                              c:/MaximSDK/Examples/MAX78000/CNN/fish/build/camera.o (MXC_PCIF_Init)
C:/MaximSDK/Libraries/PeriphDrivers/bin/MAX78000/spi-v1_softfp/libPeriphDriver_spi-v1_softfp.a(cameraif_reva.o)
                              C:/MaximSDK/Libraries/PeriphDrivers/bin/MAX78000/spi-v1_softfp/libPeriphDriver_spi-v1_softfp.a(cameraif_ai85.o) (MXC_PCIF_RevA_SetDatawidth)
C:/MaximSDK/Libraries/PeriphDrivers/bin/MAX78000/spi-v1_softfp/libPeriphDriver_spi-v1_softfp.a(dma_me17.o)
                              c:/MaximSDK/Examples/MAX78000/CNN/fish/build/main.o (MXC_DMA_Init)
C:/MaximSDK/Libraries/PeriphDrivers/bin/MAX78000/spi-v1_softfp/libPeriphDriver_spi-v1_softfp.a(dma_reva.o)
                              C:/MaximSDK/Libraries/PeriphDrivers/bin/MAX78000/spi-v1_softfp/libPeriphDriver_spi-v1_softfp.a(dma_me17.o) (MXC_DMA_RevA_Init)
C:/MaximSDK/Libraries/PeriphDrivers/bin/MAX78000/spi-v1_softfp/libPeriphDriver_spi-v1_softfp.a(flc_me17.o)
                              C:/MaximSDK/Libraries/PeriphDrivers/bin/MAX78000/spi-v1_softfp/libPeriphDriver_spi-v1_softfp.a(sys_ai85.o) (MXC_FLC_UnlockInfoBlock)
C:/MaximSDK/Libraries/PeriphDrivers/bin/MAX78000/spi-v1_softfp/libPeriphDriver_spi-v1_softfp.a(flc_reva.o)
                              C:/MaximSDK/Libraries/PeriphDrivers/bin/MAX78000/spi-v1_softfp/libPeriphDriver_spi-v1_softfp.a(flc_me17.o) (MXC_FLC_RevA_Busy)
C:/MaximSDK/Libraries/PeriphDrivers/bin/MAX78000/spi-v1_softfp/libPeriphDriver_spi-v1_softfp.a(gpio_ai85.o)
                              c:/MaximSDK/Examples/MAX78000/CNN/fish/build/cnn.o (MXC_GPIO_Config)
C:/MaximSDK/Libraries/PeriphDrivers/bin/MAX78000/spi-v1_softfp/libPeriphDriver_spi-v1_softfp.a(gpio_reva.o)
                              C:/MaximSDK/Libraries/PeriphDrivers/bin/MAX78000/spi-v1_softfp/libPeriphDriver_spi-v1_softfp.a(gpio_ai85.o) (MXC_GPIO_RevA_InGet)
C:/MaximSDK/Libraries/PeriphDrivers/bin/MAX78000/spi-v1_softfp/libPeriphDriver_spi-v1_softfp.a(i2c_me17.o)
                              c:/MaximSDK/Examples/MAX78000/CNN/fish/build/max20303.o (MXC_I2C_Init)
C:/MaximSDK/Libraries/PeriphDrivers/bin/MAX78000/spi-v1_softfp/libPeriphDriver_spi-v1_softfp.a(i2c_reva.o)
                              C:/MaximSDK/Libraries/PeriphDrivers/bin/MAX78000/spi-v1_softfp/libPeriphDriver_spi-v1_softfp.a(i2c_me17.o) (MXC_I2C_RevA_DMACallback)
C:/MaximSDK/Libraries/PeriphDrivers/bin/MAX78000/spi-v1_softfp/libPeriphDriver_spi-v1_softfp.a(icc_me17.o)
                              c:/MaximSDK/Examples/MAX78000/CNN/fish/build/main.o (MXC_ICC_Enable)
C:/MaximSDK/Libraries/PeriphDrivers/bin/MAX78000/spi-v1_softfp/libPeriphDriver_spi-v1_softfp.a(icc_reva.o)
                              C:/MaximSDK/Libraries/PeriphDrivers/bin/MAX78000/spi-v1_softfp/libPeriphDriver_spi-v1_softfp.a(icc_me17.o) (MXC_ICC_RevA_ID)
C:/MaximSDK/Libraries/PeriphDrivers/bin/MAX78000/spi-v1_softfp/libPeriphDriver_spi-v1_softfp.a(pt_ai85.o)
                              c:/MaximSDK/Examples/MAX78000/CNN/fish/build/camera.o (MXC_PT_Init)
C:/MaximSDK/Libraries/PeriphDrivers/bin/MAX78000/spi-v1_softfp/libPeriphDriver_spi-v1_softfp.a(pt_reva.o)
                              C:/MaximSDK/Libraries/PeriphDrivers/bin/MAX78000/spi-v1_softfp/libPeriphDriver_spi-v1_softfp.a(pt_ai85.o) (MXC_PT_RevA_Init)
C:/MaximSDK/Libraries/PeriphDrivers/bin/MAX78000/spi-v1_softfp/libPeriphDriver_spi-v1_softfp.a(spi_me17.o)
[...]
Memory Configuration

Name             Origin             Length             Attributes
ROM              0x00000000         0x00010000         xr
FLASH            0x10000000         0x00080000         xr
SRAM             0x20000000         0x00020000         xrw
*default*        0x00000000         0xffffffff

Linker script and memory map

LOAD c:/maximsdk/tools/gnutools/10.3/bin/../lib/gcc/arm-none-eabi/10.3.1/thumb/v7e-m+fp/softfp/crti.o
LOAD c:/maximsdk/tools/gnutools/10.3/bin/../lib/gcc/arm-none-eabi/10.3.1/thumb/v7e-m+fp/softfp/crtbegin.o
LOAD c:/maximsdk/tools/gnutools/10.3/bin/../lib/gcc/arm-none-eabi/10.3.1/../../../../arm-none-eabi/lib/thumb/v7e-m+fp/softfp/crt0.o
LOAD c:/MaximSDK/Examples/MAX78000/CNN/fish/build/cnn.o
LOAD c:/MaximSDK/Examples/MAX78000/CNN/fish/build/main.o
LOAD c:/MaximSDK/Examples/MAX78000/CNN/fish/build/softmax.o
LOAD c:/MaximSDK/Examples/MAX78000/CNN/fish/build/board.o
LOAD c:/MaximSDK/Examples/MAX78000/CNN/fish/build/stdio.o
LOAD c:/MaximSDK/Examples/MAX78000/CNN/fish/build/led.o
LOAD c:/MaximSDK/Examples/MAX78000/CNN/fish/build/pb.o
LOAD c:/MaximSDK/Examples/MAX78000/CNN/fish/build/tft_ili9341.o
LOAD c:/MaximSDK/Examples/MAX78000/CNN/fish/build/camera.o
LOAD c:/MaximSDK/Examples/MAX78000/CNN/fish/build/ov7692.o
LOAD c:/MaximSDK/Examples/MAX78000/CNN/fish/build/sccb.o
LOAD c:/MaximSDK/Examples/MAX78000/CNN/fish/build/max20303.o
LOAD c:/MaximSDK/Examples/MAX78000/CNN/fish/build/max9867.o
LOAD c:/MaximSDK/Examples/MAX78000/CNN/fish/build/N01S830HA.o
LOAD c:/MaximSDK/Examples/MAX78000/CNN/fish/build/fastspi.o
LOAD c:/MaximSDK/Examples/MAX78000/CNN/fish/build/startup_max78000.o
LOAD c:/MaximSDK/Examples/MAX78000/CNN/fish/build/heap.o
LOAD c:/MaximSDK/Examples/MAX78000/CNN/fish/build/system_max78000.o
START GROUP
LOAD C:/MaximSDK/Libraries/PeriphDrivers/bin/MAX78000/spi-v1_softfp/libPeriphDriver_spi-v1_softfp.a
LOAD c:/maximsdk/tools/gnutools/10.3/bin/../lib/gcc/arm-none-eabi/10.3.1/../../../../arm-none-eabi/lib/thumb/v7e-m+fp/softfp\libc.a
LOAD c:/maximsdk/tools/gnutools/10.3/bin/../lib/gcc/arm-none-eabi/10.3.1/../../../../arm-none-eabi/lib/thumb/v7e-m+fp/softfp\libm.a
LOAD c:/maximsdk/tools/gnutools/10.3/bin/../lib/gcc/arm-none-eabi/10.3.1/../../../../arm-none-eabi/lib/thumb/v7e-m+fp/softfp\libnosys.a
END GROUP
START GROUP
LOAD c:/maximsdk/tools/gnutools/10.3/bin/../lib/gcc/arm-none-eabi/10.3.1/thumb/v7e-m+fp/softfp\libgcc.a
LOAD c:/maximsdk/tools/gnutools/10.3/bin/../lib/gcc/arm-none-eabi/10.3.1/../../../../arm-none-eabi/lib/thumb/v7e-m+fp/softfp\libc.a
END GROUP
LOAD c:/maximsdk/tools/gnutools/10.3/bin/../lib/gcc/arm-none-eabi/10.3.1/thumb/v7e-m+fp/softfp/crtend.o
LOAD c:/maximsdk/tools/gnutools/10.3/bin/../lib/gcc/arm-none-eabi/10.3.1/thumb/v7e-m+fp/softfp/crtn.o

.rom
 *(.rom_vector)
 *(.rom_handlers*)

.text           0x10000000    0x1d574
                0x10000000                _text = .
 *(.isr_vector)
 .isr_vector    0x10000000      0x1e0 c:/MaximSDK/Examples/MAX78000/CNN/fish/build/startup_max78000.o
                0x10000000                __isr_vector
 EXCLUDE_FILE(*riscv.o) *(.text*)
 .text          0x100001e0       0x40 c:/maximsdk/tools/gnutools/10.3/bin/../lib/gcc/arm-none-eabi/10.3.1/thumb/v7e-m+fp/softfp/crtbegin.o
 .text.CNN_ISR  0x10000220       0x50 c:/MaximSDK/Examples/MAX78000/CNN/fish/build/cnn.o
                0x10000220                CNN_ISR
 .text.cnn_load_weights
                0x10000270       0x4c c:/MaximSDK/Examples/MAX78000/CNN/fish/build/cnn.o
                0x10000270                cnn_load_weights
 .text.cnn_load_bias
                0x100002bc       0x14 c:/MaximSDK/Examples/MAX78000/CNN/fish/build/cnn.o
                0x100002bc                cnn_load_bias
 .text.cnn_init
                0x100002d0       0x54 c:/MaximSDK/Examples/MAX78000/CNN/fish/build/cnn.o
                0x100002d0                cnn_init
 .text.cnn_configure
                0x10000324      0x7e4 c:/MaximSDK/Examples/MAX78000/CNN/fish/build/cnn.o
                0x10000324                cnn_configure
 .text.cnn_start
                0x10000b08       0x50 c:/MaximSDK/Examples/MAX78000/CNN/fish/build/cnn.o
                0x10000b08                cnn_start
 .text.cnn_unload
                0x10000b58       0x18 c:/MaximSDK/Examples/MAX78000/CNN/fish/build/cnn.o
                0x10000b58                cnn_unload
 .text.cnn_enable
                0x10000b70       0x3c c:/MaximSDK/Examples/MAX78000/CNN/fish/build/cnn.o
                0x10000b70                cnn_enable
 .text.capture_process_camera
                0x10000bac       0xb8 c:/MaximSDK/Examples/MAX78000/CNN/fish/build/main.o
                0x10000bac                capture_process_camera
 .text.asciiart
                0x10000c64       0x98 c:/MaximSDK/Examples/MAX78000/CNN/fish/build/main.o
                0x10000c64                asciiart
 .text.startup.main
                0x10000cfc      0x284 c:/MaximSDK/Examples/MAX78000/CNN/fish/build/main.o
                0x10000cfc                main
 .text.softmax_q17p14_q15
                0x10000f80       0xa8 c:/MaximSDK/Examples/MAX78000/CNN/fish/build/softmax.o
                0x10000f80                softmax_q17p14_q15
 .text.mxc_assert
                0x10001028       0x10 c:/MaximSDK/Examples/MAX78000/CNN/fish/build/board.o
                0x10001028                mxc_assert
 .text.GPIO0_IRQHandler
                0x10001038        0x8 c:/MaximSDK/Examples/MAX78000/CNN/fish/build/board.o
                0x10001038                GPIO0_IRQHandler
 .text.GPIO1_IRQHandler
                0x10001040        0x8 c:/MaximSDK/Examples/MAX78000/CNN/fish/build/board.o
                0x10001040                GPIO1_IRQHandler
 .text.Board_Init
                0x10001048       0x6c c:/MaximSDK/Examples/MAX78000/CNN/fish/build/board.o
                0x10001048                Board_Init
 .text.NMI_Handler
                0x100010b4        0x4 c:/MaximSDK/Examples/MAX78000/CNN/fish/build/board.o
                0x100010b4                NMI_Handler
 .text.Camera_Power
                0x100010b8       0x1c c:/MaximSDK/Examples/MAX78000/CNN/fish/build/board.o
                0x100010b8                Camera_Power
 .text._close   0x100010d4        0x8 c:/MaximSDK/Examples/MAX78000/CNN/fish/build/stdio.o
                0x100010d4                _close
 .text._isatty  0x100010dc        0x8 c:/MaximSDK/Examples/MAX78000/CNN/fish/build/stdio.o
                0x100010dc                _isatty
 .text._lseek   0x100010e4        0x8 c:/MaximSDK/Examples/MAX78000/CNN/fish/build/stdio.o
                0x100010e4                _lseek
 .text._fstat   0x100010ec        0x8 c:/MaximSDK/Examples/MAX78000/CNN/fish/build/stdio.o
                0x100010ec                _fstat
 .text._read    0x100010f4       0x50 c:/MaximSDK/Examples/MAX78000/CNN/fish/build/stdio.o
                0x100010f4                _read
 .text._write   0x10001144       0x54 c:/MaximSDK/Examples/MAX78000/CNN/fish/build/stdio.o
                0x10001144                _write
 .text.LED_Init
                0x10001198       0x40 c:/MaximSDK/Examples/MAX78000/CNN/fish/build/led.o
                0x10001198                LED_Init
 .text.LED_On   0x100011d8       0x40 c:/MaximSDK/Examples/MAX78000/CNN/fish/build/led.o
                0x100011d8                LED_On
 .text.LED_Off  0x10001218       0x40 c:/MaximSDK/Examples/MAX78000/CNN/fish/build/led.o
                0x10001218                LED_Off
 .text.PB_Init  0x10001258       0x68 c:/MaximSDK/Examples/MAX78000/CNN/fish/build/pb.o
                0x10001258                PB_Init
 .text.PB_Get   0x100012c0       0x50 c:/MaximSDK/Examples/MAX78000/CNN/fish/build/pb.o
                0x100012c0                PB_Get
 .text.camera_irq_handler
                0x10001310      0x13c c:/MaximSDK/Examples/MAX78000/CNN/fish/build/camera.o
                0x10001310                camera_irq_handler
 .text.stream_callback
                0x1000144c       0xbc c:/MaximSDK/Examples/MAX78000/CNN/fish/build/camera.o
 .text.setup_dma
                0x10001508       0x94 c:/MaximSDK/Examples/MAX78000/CNN/fish/build/camera.o
 .text.stream_irq_handler
                0x1000159c        0x4 c:/MaximSDK/Examples/MAX78000/CNN/fish/build/camera.o
                0x1000159c                stream_irq_handler
 .text.camera_init
                0x100015a0      0x12c c:/MaximSDK/Examples/MAX78000/CNN/fish/build/camera.o
                0x100015a0                camera_init
 .text.camera_setup
                0x100016cc      0x1d8 c:/MaximSDK/Examples/MAX78000/CNN/fish/build/camera.o
                0x100016cc                camera_setup
 .text.camera_write_reg
                0x100018a4        0xc c:/MaximSDK/Examples/MAX78000/CNN/fish/build/camera.o
                0x100018a4                camera_write_reg
 .text.camera_start_capture_image
                0x100018b0       0x3c c:/MaximSDK/Examples/MAX78000/CNN/fish/build/camera.o
                0x100018b0                camera_start_capture_image
 .text.camera_is_image_rcv
                0x100018ec       0x10 c:/MaximSDK/Examples/MAX78000/CNN/fish/build/camera.o
                0x100018ec                camera_is_image_rcv
 .text.camera_get_image
                0x100018fc       0x3c c:/MaximSDK/Examples/MAX78000/CNN/fish/build/camera.o
                0x100018fc                camera_get_image
 .text.get_camera_stream_buffer
                0x10001938        0xc c:/MaximSDK/Examples/MAX78000/CNN/fish/build/camera.o
                0x10001938                get_camera_stream_buffer
 .text.release_camera_stream_buffer
                0x10001944        0xc c:/MaximSDK/Examples/MAX78000/CNN/fish/build/camera.o
                0x10001944                release_camera_stream_buffer
 .text.get_camera_stream_statistic
                0x10001950        0x8 c:/MaximSDK/Examples/MAX78000/CNN/fish/build/camera.o
                0x10001950                get_camera_stream_statistic
 .text.init     0x10001958       0x10 c:/MaximSDK/Examples/MAX78000/CNN/fish/build/ov7692.o
 .text.get_slave_address
                0x10001968        0xc c:/MaximSDK/Examples/MAX78000/CNN/fish/build/ov7692.o
 .text.get_pixformat
                0x10001974       0x10 c:/MaximSDK/Examples/MAX78000/CNN/fish/build/ov7692.o
 .text.set_saturation
                0x10001984        0x4 c:/MaximSDK/Examples/MAX78000/CNN/fish/build/ov7692.o
 .text.get_luminance
                0x10001988       0x60 c:/MaximSDK/Examples/MAX78000/CNN/fish/build/ov7692.o
 .text.read_reg
                0x100019e8       0x20 c:/MaximSDK/Examples/MAX78000/CNN/fish/build/ov7692.o
 .text.get_manufacture_id
                0x10001a08       0x3c c:/MaximSDK/Examples/MAX78000/CNN/fish/build/ov7692.o
 .text.get_product_id
                0x10001a44       0x3c c:/MaximSDK/Examples/MAX78000/CNN/fish/build/ov7692.o
 .text.set_negateimage
                0x10001a80       0x90 c:/MaximSDK/Examples/MAX78000/CNN/fish/build/ov7692.o
 .text.set_vflip
                0x10001b10       0x3c c:/MaximSDK/Examples/MAX78000/CNN/fish/build/ov7692.o
 .text.set_hmirror
                0x10001b4c       0x3c c:/MaximSDK/Examples/MAX78000/CNN/fish/build/ov7692.o
 .text.set_colorbar
                0x10001b88       0x3c c:/MaximSDK/Examples/MAX78000/CNN/fish/build/ov7692.o
 .text.set_gainceiling
                0x10001bc4       0xa0 c:/MaximSDK/Examples/MAX78000/CNN/fish/build/ov7692.o
 .text.set_brightness
                0x10001c64       0xa8 c:/MaximSDK/Examples/MAX78000/CNN/fish/build/ov7692.o
 .text.set_contrast
                0x10001d0c       0xa0 c:/MaximSDK/Examples/MAX78000/CNN/fish/build/ov7692.o
 .text.set_windowing
                0x10001dac      0x120 c:/MaximSDK/Examples/MAX78000/CNN/fish/build/ov7692.o
 .text.set_framesize
                0x10001ecc       0xcc c:/MaximSDK/Examples/MAX78000/CNN/fish/build/ov7692.o
 .text.set_pixformat
                0x10001f98       0x54 c:/MaximSDK/Examples/MAX78000/CNN/fish/build/ov7692.o
 .text.write_reg
                0x10001fec       0x18 c:/MaximSDK/Examples/MAX78000/CNN/fish/build/ov7692.o
 .text.sleep    0x10002004       0x3c c:/MaximSDK/Examples/MAX78000/CNN/fish/build/ov7692.o
 .text.reset    0x10002040       0x64 c:/MaximSDK/Examples/MAX78000/CNN/fish/build/ov7692.o
 .text.dump_registers
                0x100020a4       0xa8 c:/MaximSDK/Examples/MAX78000/CNN/fish/build/ov7692.o
 .text.sensor_register
                0x1000214c       0xbc c:/MaximSDK/Examples/MAX78000/CNN/fish/build/ov7692.o
                0x1000214c                sensor_register
 .text.send_byte
                0x10002208       0x68 c:/MaximSDK/Examples/MAX78000/CNN/fish/build/sccb.o
 .text.get_byte
                0x10002270       0x50 c:/MaximSDK/Examples/MAX78000/CNN/fish/build/sccb.o
 .text.sccb_init
                0x100022c0       0x30 c:/MaximSDK/Examples/MAX78000/CNN/fish/build/sccb.o
                0x100022c0                sccb_init
 .text.sccb_read_byt
                0x100022f0      0x11c c:/MaximSDK/Examples/MAX78000/CNN/fish/build/sccb.o
                0x100022f0                sccb_read_byt
 .text.sccb_write_byt
                0x1000240c       0xa4 c:/MaximSDK/Examples/MAX78000/CNN/fish/build/sccb.o
                0x1000240c                sccb_write_byt
 .text.reg_read
                0x100024b0       0x78 c:/MaximSDK/Examples/MAX78000/CNN/fish/build/max20303.o
 .text.reg_write
                0x10002528       0x60 c:/MaximSDK/Examples/MAX78000/CNN/fish/build/max20303.o
 .text.reg_write_buf.constprop.0
                0x10002588       0x70 c:/MaximSDK/Examples/MAX78000/CNN/fish/build/max20303.o
 .text.max20303_camera_power
                0x100025f8       0x68 c:/MaximSDK/Examples/MAX78000/CNN/fish/build/max20303.o
                0x100025f8                max20303_camera_power
 .text.max20303_init
                0x10002660       0x68 c:/MaximSDK/Examples/MAX78000/CNN/fish/build/max20303.o
                0x10002660                max20303_init
 .text          0x100026c8      0x148 c:/MaximSDK/Examples/MAX78000/CNN/fish/build/startup_max78000.o
                0x100026c8                Reset_Handler
                0x10002706                HardFault_Handler
                0x10002708                MemManage_Handler
                0x1000270a                BusFault_Handler
                0x1000270c                UsageFault_Handler
                0x1000270e                SVC_Handler
                0x10002710                DebugMon_Handler
                0x10002712                PendSV_Handler
                0x10002714                SysTick_Handler
                0x10002716                Default_Handler
                0x10002718                PF_IRQHandler
                0x1000271a                WDT0_IRQHandler
                0x1000271c                RSV02_IRQHandler
                0x1000271e                RTC_IRQHandler
                0x10002720                TRNG_IRQHandler
                0x10002722                TMR0_IRQHandler
                0x10002724                TMR1_IRQHandler
                0x10002726                TMR2_IRQHandler
                0x10002728                TMR3_IRQHandler
                0x1000272a                TMR4_IRQHandler
                0x1000272c                TMR5_IRQHandler
                0x1000272e                RSV11_IRQHandler
                0x10002730                RSV12_IRQHandler
                0x10002732                I2C0_IRQHandler
                0x10002734                UART0_IRQHandler
                0x10002736                UART1_IRQHandler
                0x10002738                SPI1_IRQHandler
                0x1000273a                RSV17_IRQHandler
                0x1000273c                RSV18_IRQHandler
                0x1000273e                RSV19_IRQHandler
                0x10002740                ADC_IRQHandler
                0x10002742                RSV21_IRQHandler
                0x10002744                RSV22_IRQHandler
                0x10002746                FLC0_IRQHandler
                0x1000274c                GPIO2_IRQHandler
                0x1000274e                RSV27_IRQHandler
                0x10002750                DMA0_IRQHandler
                0x10002752                DMA1_IRQHandler
                0x10002754                DMA2_IRQHandler
                0x10002756                DMA3_IRQHandler
                0x10002758                RSV32_IRQHandler
                0x1000275a                RSV33_IRQHandler
                0x1000275c                UART2_IRQHandler
                0x1000275e                RSV35_IRQHandler
                0x10002760                I2C1_IRQHandler
                0x10002762                RSV37_IRQHandler
                0x10002764                RSV38_IRQHandler
                0x10002766                RSV39_IRQHandler
                0x10002768                RSV40_IRQHandler
                0x1000276a                RSV41_IRQHandler
                0x1000276c                RSV42_IRQHandler
                0x1000276e                RSV43_IRQHandler
                0x10002770                RSV44_IRQHandler
                0x10002772                RSV45_IRQHandler
                0x10002774                RSV46_IRQHandler
                0x10002776                RSV47_IRQHandler
                0x10002778                RSV48_IRQHandler
                0x1000277a                RSV49_IRQHandler
                0x1000277c                RSV50_IRQHandler
                0x1000277e                RSV51_IRQHandler
                0x10002780                RSV52_IRQHandler
                0x10002782                WUT_IRQHandler
                0x10002784                GPIOWAKE_IRQHandler
                0x10002786                RSV55_IRQHandler
                0x10002788                SPI0_IRQHandler
                0x1000278a                WDT1_IRQHandler
                0x1000278c                RSV58_IRQHandler
                0x1000278e                PT_IRQHandler
                0x10002790                RSV60_IRQHandler
                0x10002792                RSV61_IRQHandler
                0x10002794                I2C2_IRQHandler
                0x10002796                RISCV_IRQHandler
                0x10002798                RSV64_IRQHandler
                0x1000279a                RSV65_IRQHandler
                0x1000279c                RSV66_IRQHandler
                0x1000279e                OWM_IRQHandler
                0x100027a0                RSV68_IRQHandler
                0x100027a2                RSV69_IRQHandler
                0x100027a4                RSV70_IRQHandler
                0x100027a6                RSV71_IRQHandler
                0x100027a8                RSV72_IRQHandler
                0x100027aa                RSV73_IRQHandler
                0x100027ac                RSV74_IRQHandler
                0x100027ae                RSV75_IRQHandler
                0x100027b0                RSV76_IRQHandler
                0x100027b2                RSV77_IRQHandler
                0x100027b4                RSV78_IRQHandler
                0x100027b6                RSV79_IRQHandler
                0x100027b8                RSV80_IRQHandler
                0x100027ba                RSV81_IRQHandler
                0x100027bc                ECC_IRQHandler
                0x100027be                DVS_IRQHandler
                0x100027c0                SIMO_IRQHandler
                0x100027c2                RSV85_IRQHandler
                0x100027c4                RSV86_IRQHandler
                0x100027c6                RSV87_IRQHandler
                0x100027c8                UART3_IRQHandler
                0x100027ca                RSV89_IRQHandler
                0x100027cc                RSV90_IRQHandler
                0x100027ce                PCIF_IRQHandler
                0x100027d0                RSV92_IRQHandler
                0x100027d2                RSV93_IRQHandler
                0x100027d4                RSV94_IRQHandler
                0x100027d6                RSV95_IRQHandler
                0x100027d8                RSV96_IRQHandler
                0x100027da                AES_IRQHandler
                0x100027dc                RSV98_IRQHandler
                0x100027de                I2S_IRQHandler
                0x100027e0                CNN_FIFO_IRQHandler
                0x100027e2                CNN_IRQHandler
                0x100027e4                RSV102_IRQHandler
                0x100027e6                LPCMP_IRQHandler
 .text._sbrk    0x10002810       0x3c c:/MaximSDK/Examples/MAX78000/CNN/fish/build/heap.o
                0x10002810                _sbrk
 .text._getpid  0x1000284c        0x8 c:/MaximSDK/Examples/MAX78000/CNN/fish/build/system_max78000.o
                0x1000284c                _getpid
 .text._kill    0x10002854        0x8 c:/MaximSDK/Examples/MAX78000/CNN/fish/build/system_max78000.o
                0x10002854                _kill
 .text.SystemCoreClockUpdate
                0x1000285c       0x68 c:/MaximSDK/Examples/MAX78000/CNN/fish/build/system_max78000.o
                0x1000285c                SystemCoreClockUpdate
 .text.PreInit  0x100028c4        0x4 c:/MaximSDK/Examples/MAX78000/CNN/fish/build/system_max78000.o
                0x100028c4                PreInit
 .text.PinInit  0x100028c8        0x4 c:/MaximSDK/Examples/MAX78000/CNN/fish/build/system_max78000.o
                0x100028c8                PinInit
 .text.SystemInit
                0x100028cc       0x3c c:/MaximSDK/Examples/MAX78000/CNN/fish/build/system_max78000.o
                0x100028cc                SystemInit
 .text.MXC_DelayInit
                0x10002908       0x7c C:/MaximSDK/Libraries/PeriphDrivers/bin/MAX78000/spi-v1_softfp/libPeriphDriver_spi-v1_softfp.a(mxc_delay.o)
 .text.MXC_DelayAsync
                0x10002984       0x3c C:/MaximSDK/Libraries/PeriphDrivers/bin/MAX78000/spi-v1_softfp/libPeriphDriver_spi-v1_softfp.a(mxc_delay.o)
                0x10002984                MXC_DelayAsync
 .text.MXC_DelayCheck
                0x100029c0       0x70 C:/MaximSDK/Libraries/PeriphDrivers/bin/MAX78000/spi-v1_softfp/libPeriphDriver_spi-v1_softfp.a(mxc_delay.o)
                0x100029c0                MXC_DelayCheck
 .text.MXC_DelayAbort
                0x10002a30       0x34 C:/MaximSDK/Libraries/PeriphDrivers/bin/MAX78000/spi-v1_softfp/libPeriphDriver_spi-v1_softfp.a(mxc_delay.o)
                0x10002a30                MXC_DelayAbort
 .text.MXC_Delay
                0x10002a64       0x74 C:/MaximSDK/Libraries/PeriphDrivers/bin/MAX78000/spi-v1_softfp/libPeriphDriver_spi-v1_softfp.a(mxc_delay.o)
                0x10002a64                MXC_Delay
 .text.MXC_NVIC_SetVector
                0x10002ad8       0x50 C:/MaximSDK/Libraries/PeriphDrivers/bin/MAX78000/spi-v1_softfp/libPeriphDriver_spi-v1_softfp.a(nvic_table.o)
                0x10002ad8                MXC_NVIC_SetVector
 .text.MXC_SYS_IsClockEnabled
                0x10002b28       0x44 C:/MaximSDK/Libraries/PeriphDrivers/bin/MAX78000/spi-v1_softfp/libPeriphDriver_spi-v1_softfp.a(sys_ai85.o)
                0x10002b28                MXC_SYS_IsClockEnabled
 .text.MXC_SYS_ClockDisable
                0x10002b6c       0x44 C:/MaximSDK/Libraries/PeriphDrivers/bin/MAX78000/spi-v1_softfp/libPeriphDriver_spi-v1_softfp.a(sys_ai85.o)
                0x10002b6c                MXC_SYS_ClockDisable
 .text.MXC_SYS_ClockEnable
                0x10002bb0       0x4c C:/MaximSDK/Libraries/PeriphDrivers/bin/MAX78000/spi-v1_softfp/libPeriphDriver_spi-v1_softfp.a(sys_ai85.o)
                0x10002bb0                MXC_SYS_ClockEnable
 .text.MXC_SYS_ClockSourceEnable
                0x10002bfc       0xf4 C:/MaximSDK/Libraries/PeriphDrivers/bin/MAX78000/spi-v1_softfp/libPeriphDriver_spi-v1_softfp.a(sys_ai85.o)
                0x10002bfc                MXC_SYS_ClockSourceEnable
 .text.MXC_SYS_Clock_Select
                0x10002cf0      0x194 C:/MaximSDK/Libraries/PeriphDrivers/bin/MAX78000/spi-v1_softfp/libPeriphDriver_spi-v1_softfp.a(sys_ai85.o)
                0x10002cf0                MXC_SYS_Clock_Select
 .text.MXC_SYS_Reset_Periph
                0x10002e84       0x50 C:/MaximSDK/Libraries/PeriphDrivers/bin/MAX78000/spi-v1_softfp/libPeriphDriver_spi-v1_softfp.a(sys_ai85.o)
                0x10002e84                MXC_SYS_Reset_Periph
 .text.MXC_PCIF_Init
                0x10002ed4       0x6c C:/MaximSDK/Libraries/PeriphDrivers/bin/MAX78000/spi-v1_softfp/libPeriphDriver_spi-v1_softfp.a(cameraif_ai85.o)
                0x10002ed4                MXC_PCIF_Init
 .text.MXC_PCIF_SetDataWidth
                0x10002f40        0xc C:/MaximSDK/Libraries/PeriphDrivers/bin/MAX78000/spi-v1_softfp/libPeriphDriver_spi-v1_softfp.a(cameraif_ai85.o)
                0x10002f40                MXC_PCIF_SetDataWidth
 .text.MXC_PCIF_SetTimingSel
                0x10002f4c        0xc C:/MaximSDK/Libraries/PeriphDrivers/bin/MAX78000/spi-v1_softfp/libPeriphDriver_spi-v1_softfp.a(cameraif_ai85.o)
                0x10002f4c                MXC_PCIF_SetTimingSel
 .text.MXC_PCIF_SetThreshold
                0x10002f58        0xc C:/MaximSDK/Libraries/PeriphDrivers/bin/MAX78000/spi-v1_softfp/libPeriphDriver_spi-v1_softfp.a(cameraif_ai85.o)
                0x10002f58                MXC_PCIF_SetThreshold
 .text.MXC_PCIF_EnableInt
                0x10002f64        0xc C:/MaximSDK/Libraries/PeriphDrivers/bin/MAX78000/spi-v1_softfp/libPeriphDriver_spi-v1_softfp.a(cameraif_ai85.o)
                0x10002f64                MXC_PCIF_EnableInt
 .text.MXC_PCIF_DisableInt
                0x10002f70        0xc C:/MaximSDK/Libraries/PeriphDrivers/bin/MAX78000/spi-v1_softfp/libPeriphDriver_spi-v1_softfp.a(cameraif_ai85.o)
                0x10002f70                MXC_PCIF_DisableInt
 .text.MXC_PCIF_Start
                0x10002f7c        0xc C:/MaximSDK/Libraries/PeriphDrivers/bin/MAX78000/spi-v1_softfp/libPeriphDriver_spi-v1_softfp.a(cameraif_ai85.o)
                0x10002f7c                MXC_PCIF_Start
 .text.MXC_PCIF_RevA_SetDatawidth
                0x10002f88       0x14 C:/MaximSDK/Libraries/PeriphDrivers/bin/MAX78000/spi-v1_softfp/libPeriphDriver_spi-v1_softfp.a(cameraif_reva.o)
                0x10002f88                MXC_PCIF_RevA_SetDatawidth
 .text.MXC_PCIF_RevA_SetTimingSel
                0x10002f9c       0x14 C:/MaximSDK/Libraries/PeriphDrivers/bin/MAX78000/spi-v1_softfp/libPeriphDriver_spi-v1_softfp.a(cameraif_reva.o)
                0x10002f9c                MXC_PCIF_RevA_SetTimingSel
 .text.MXC_PCIF_RevA_SetThreshold
                0x10002fb0       0x18 C:/MaximSDK/Libraries/PeriphDrivers/bin/MAX78000/spi-v1_softfp/libPeriphDriver_spi-v1_softfp.a(cameraif_reva.o)
                0x10002fb0                MXC_PCIF_RevA_SetThreshold
 .text.MXC_PCIF_RevA_EnableInt
                0x10002fc8        0xc C:/MaximSDK/Libraries/PeriphDrivers/bin/MAX78000/spi-v1_softfp/libPeriphDriver_spi-v1_softfp.a(cameraif_reva.o)
                0x10002fc8                MXC_PCIF_RevA_EnableInt
 .text.MXC_PCIF_RevA_DisableInt
                0x10002fd4       0x10 C:/MaximSDK/Libraries/PeriphDrivers/bin/MAX78000/spi-v1_softfp/libPeriphDriver_spi-v1_softfp.a(cameraif_reva.o)
                0x10002fd4                MXC_PCIF_RevA_DisableInt
 .text.MXC_PCIF_RevA_Start
                0x10002fe4       0x14 C:/MaximSDK/Libraries/PeriphDrivers/bin/MAX78000/spi-v1_softfp/libPeriphDriver_spi-v1_softfp.a(cameraif_reva.o)
                0x10002fe4                MXC_PCIF_RevA_Start
 .text.MXC_DMA_Init
                0x10002ff8       0x30 C:/MaximSDK/Libraries/PeriphDrivers/bin/MAX78000/spi-v1_softfp/libPeriphDriver_spi-v1_softfp.a(dma_me17.o)
                0x10002ff8                MXC_DMA_Init
 .text.MXC_DMA_DeInit
                0x10003028        0xc C:/MaximSDK/Libraries/PeriphDrivers/bin/MAX78000/spi-v1_softfp/libPeriphDriver_spi-v1_softfp.a(dma_me17.o)
                0x10003028                MXC_DMA_DeInit
 .text.MXC_DMA_AcquireChannel
                0x10003034        0xc C:/MaximSDK/Libraries/PeriphDrivers/bin/MAX78000/spi-v1_softfp/libPeriphDriver_spi-v1_softfp.a(dma_me17.o)
                0x10003034                MXC_DMA_AcquireChannel
 .text.MXC_DMA_ReleaseChannel
                0x10003040        0x4 C:/MaximSDK/Libraries/PeriphDrivers/bin/MAX78000/spi-v1_softfp/libPeriphDriver_spi-v1_softfp.a(dma_me17.o)
                0x10003040                MXC_DMA_ReleaseChannel
 .text.MXC_DMA_SetCallback
                0x10003044        0x4 C:/MaximSDK/Libraries/PeriphDrivers/bin/MAX78000/spi-v1_softfp/libPeriphDriver_spi-v1_softfp.a(dma_me17.o)
                0x10003044                MXC_DMA_SetCallback
 .text.MXC_DMA_ChannelClearFlags
                0x10003048        0x4 C:/MaximSDK/Libraries/PeriphDrivers/bin/MAX78000/spi-v1_softfp/libPeriphDriver_spi-v1_softfp.a(dma_me17.o)
                0x10003048                MXC_DMA_ChannelClearFlags
 .text.MXC_DMA_Handler
                0x1000304c        0xc C:/MaximSDK/Libraries/PeriphDrivers/bin/MAX78000/spi-v1_softfp/libPeriphDriver_spi-v1_softfp.a(dma_me17.o)
                0x1000304c                MXC_DMA_Handler
 .text.MXC_DMA_RevA_Init
                0x10003058       0xac C:/MaximSDK/Libraries/PeriphDrivers/bin/MAX78000/spi-v1_softfp/libPeriphDriver_spi-v1_softfp.a(dma_reva.o)
                0x10003058                MXC_DMA_RevA_Init
 .text.MXC_DMA_RevA_DeInit
                0x10003104       0x3c C:/MaximSDK/Libraries/PeriphDrivers/bin/MAX78000/spi-v1_softfp/libPeriphDriver_spi-v1_softfp.a(dma_reva.o)
                0x10003104                MXC_DMA_RevA_DeInit
 .text.MXC_DMA_RevA_AcquireChannel
                0x10003140       0x88 C:/MaximSDK/Libraries/PeriphDrivers/bin/MAX78000/spi-v1_softfp/libPeriphDriver_spi-v1_softfp.a(dma_reva.o)
                0x10003140                MXC_DMA_RevA_AcquireChannel
 .text.MXC_DMA_RevA_ReleaseChannel
                0x100031c8       0x48 C:/MaximSDK/Libraries/PeriphDrivers/bin/MAX78000/spi-v1_softfp/libPeriphDriver_spi-v1_softfp.a(dma_reva.o)
                0x100031c8                MXC_DMA_RevA_ReleaseChannel
 .text.MXC_DMA_RevA_SetCallback
                0x10003210       0x24 C:/MaximSDK/Libraries/PeriphDrivers/bin/MAX78000/spi-v1_softfp/libPeriphDriver_spi-v1_softfp.a(dma_reva.o)
                0x10003210                MXC_DMA_RevA_SetCallback
 .text.MXC_DMA_RevA_ChannelClearFlags
                0x10003234       0x2c C:/MaximSDK/Libraries/PeriphDrivers/bin/MAX78000/spi-v1_softfp/libPeriphDriver_spi-v1_softfp.a(dma_reva.o)
                0x10003234                MXC_DMA_RevA_ChannelClearFlags
 .text.MXC_DMA_RevA_Handler
                0x10003260       0x84 C:/MaximSDK/Libraries/PeriphDrivers/bin/MAX78000/spi-v1_softfp/libPeriphDriver_spi-v1_softfp.a(dma_reva.o)
                0x10003260                MXC_DMA_RevA_Handler
 .text.MXC_GPIO_Init
                0x100032e4       0x40 C:/MaximSDK/Libraries/PeriphDrivers/bin/MAX78000/spi-v1_softfp/libPeriphDriver_spi-v1_softfp.a(gpio_ai85.o)
                0x100032e4                MXC_GPIO_Init
 .text.MXC_GPIO_Config
                0x10003324      0x234 C:/MaximSDK/Libraries/PeriphDrivers/bin/MAX78000/spi-v1_softfp/libPeriphDriver_spi-v1_softfp.a(gpio_ai85.o)
                0x10003324                MXC_GPIO_Config
 .text.MXC_GPIO_InGet
                0x10003558       0x34 C:/MaximSDK/Libraries/PeriphDrivers/bin/MAX78000/spi-v1_softfp/libPeriphDriver_spi-v1_softfp.a(gpio_ai85.o)
                0x10003558                MXC_GPIO_InGet
 .text.MXC_GPIO_OutSet
                0x1000358c       0x30 C:/MaximSDK/Libraries/PeriphDrivers/bin/MAX78000/spi-v1_softfp/libPeriphDriver_spi-v1_softfp.a(gpio_ai85.o)
                0x1000358c                MXC_GPIO_OutSet
 .text.MXC_GPIO_OutClr
                0x100035bc       0x34 C:/MaximSDK/Libraries/PeriphDrivers/bin/MAX78000/spi-v1_softfp/libPeriphDriver_spi-v1_softfp.a(gpio_ai85.o)
                0x100035bc                MXC_GPIO_OutClr
 .text.MXC_GPIO_Handler
                0x100035f0        0x4 C:/MaximSDK/Libraries/PeriphDrivers/bin/MAX78000/spi-v1_softfp/libPeriphDriver_spi-v1_softfp.a(gpio_ai85.o)
                0x100035f0                MXC_GPIO_Handler
 .text.MXC_GPIO_ClearFlags
                0x100035f4       0x18 C:/MaximSDK/Libraries/PeriphDrivers/bin/MAX78000/spi-v1_softfp/libPeriphDriver_spi-v1_softfp.a(gpio_ai85.o)
                0x100035f4                MXC_GPIO_ClearFlags
 .text.MXC_GPIO_GetFlags
                0x1000360c       0x18 C:/MaximSDK/Libraries/PeriphDrivers/bin/MAX78000/spi-v1_softfp/libPeriphDriver_spi-v1_softfp.a(gpio_ai85.o)
                0x1000360c                MXC_GPIO_GetFlags
 .text.MXC_GPIO_SetVSSEL
                0x10003624       0x24 C:/MaximSDK/Libraries/PeriphDrivers/bin/MAX78000/spi-v1_softfp/libPeriphDriver_spi-v1_softfp.a(gpio_ai85.o)
                0x10003624                MXC_GPIO_SetVSSEL
 .text.MXC_GPIO_GetConfigLock
                0x10003648        0x4 C:/MaximSDK/Libraries/PeriphDrivers/bin/MAX78000/spi-v1_softfp/libPeriphDriver_spi-v1_softfp.a(gpio_ai85.o)
                0x10003648                MXC_GPIO_GetConfigLock
 .text.MXC_GPIO_RevA_InGet
                0x1000364c        0x8 C:/MaximSDK/Libraries/PeriphDrivers/bin/MAX78000/spi-v1_softfp/libPeriphDriver_spi-v1_softfp.a(gpio_reva.o)
                0x1000364c                MXC_GPIO_RevA_InGet
 .text.MXC_GPIO_RevA_OutSet
                0x10003654        0x4 C:/MaximSDK/Libraries/PeriphDrivers/bin/MAX78000/spi-v1_softfp/libPeriphDriver_spi-v1_softfp.a(gpio_reva.o)
                0x10003654                MXC_GPIO_RevA_OutSet
 .text.MXC_GPIO_RevA_OutClr
                0x10003658        0x4 C:/MaximSDK/Libraries/PeriphDrivers/bin/MAX78000/spi-v1_softfp/libPeriphDriver_spi-v1_softfp.a(gpio_reva.o)
                0x10003658                MXC_GPIO_RevA_OutClr
 .text.MXC_GPIO_RevA_ClearFlags
                0x1000365c        0x4 C:/MaximSDK/Libraries/PeriphDrivers/bin/MAX78000/spi-v1_softfp/libPeriphDriver_spi-v1_softfp.a(gpio_reva.o)
                0x1000365c                MXC_GPIO_RevA_ClearFlags
 .text.MXC_GPIO_RevA_GetFlags
                0x10003660        0x4 C:/MaximSDK/Libraries/PeriphDrivers/bin/MAX78000/spi-v1_softfp/libPeriphDriver_spi-v1_softfp.a(gpio_reva.o)
                0x10003660                MXC_GPIO_RevA_GetFlags
 .text.MXC_GPIO_RevA_SetVSSEL
                0x10003664       0x40 C:/MaximSDK/Libraries/PeriphDrivers/bin/MAX78000/spi-v1_softfp/libPeriphDriver_spi-v1_softfp.a(gpio_reva.o)
                0x10003664                MXC_GPIO_RevA_SetVSSEL
 .text.MXC_GPIO_RevA_SetAF
                0x100036a4       0x7c C:/MaximSDK/Libraries/PeriphDrivers/bin/MAX78000/spi-v1_softfp/libPeriphDriver_spi-v1_softfp.a(gpio_reva.o)
                0x100036a4                MXC_GPIO_RevA_SetAF
 .text.MXC_GPIO_RevA_SetDriveStrength
                0x10003720       0xa0 C:/MaximSDK/Libraries/PeriphDrivers/bin/MAX78000/spi-v1_softfp/libPeriphDriver_spi-v1_softfp.a(gpio_reva.o)
                0x10003720                MXC_GPIO_RevA_SetDriveStrength
 .text.MXC_I2C_SetSlaveAddr
                0x100037c0        0xc C:/MaximSDK/Libraries/PeriphDrivers/bin/MAX78000/spi-v1_softfp/libPeriphDriver_spi-v1_softfp.a(i2c_me17.o)
                0x100037c0                MXC_I2C_SetSlaveAddr
 .text.MXC_I2C_Shutdown
                0x100037cc       0x6c C:/MaximSDK/Libraries/PeriphDrivers/bin/MAX78000/spi-v1_softfp/libPeriphDriver_spi-v1_softfp.a(i2c_me17.o)
                0x100037cc                MXC_I2C_Shutdown
 .text.MXC_I2C_Init
                0x10003838       0x94 C:/MaximSDK/Libraries/PeriphDrivers/bin/MAX78000/spi-v1_softfp/libPeriphDriver_spi-v1_softfp.a(i2c_me17.o)
                0x10003838                MXC_I2C_Init
 .text.MXC_I2C_SetFrequency
                0x100038cc        0x4 C:/MaximSDK/Libraries/PeriphDrivers/bin/MAX78000/spi-v1_softfp/libPeriphDriver_spi-v1_softfp.a(i2c_me17.o)
                0x100038cc                MXC_I2C_SetFrequency
 .text.MXC_I2C_GetFrequency
                0x100038d0        0x4 C:/MaximSDK/Libraries/PeriphDrivers/bin/MAX78000/spi-v1_softfp/libPeriphDriver_spi-v1_softfp.a(i2c_me17.o)
                0x100038d0                MXC_I2C_GetFrequency
 .text.MXC_I2C_ClearRXFIFO
                0x100038d4        0x4 C:/MaximSDK/Libraries/PeriphDrivers/bin/MAX78000/spi-v1_softfp/libPeriphDriver_spi-v1_softfp.a(i2c_me17.o)
                0x100038d4                MXC_I2C_ClearRXFIFO
 .text.MXC_I2C_ClearTXFIFO
                0x100038d8        0x4 C:/MaximSDK/Libraries/PeriphDrivers/bin/MAX78000/spi-v1_softfp/libPeriphDriver_spi-v1_softfp.a(i2c_me17.o)
                0x100038d8                MXC_I2C_ClearTXFIFO
 .text.MXC_I2C_Recover
                0x100038dc        0x4 C:/MaximSDK/Libraries/PeriphDrivers/bin/MAX78000/spi-v1_softfp/libPeriphDriver_spi-v1_softfp.a(i2c_me17.o)
                0x100038dc                MXC_I2C_Recover
 .text.MXC_I2C_SetRXThreshold
                0x100038e0        0x4 C:/MaximSDK/Libraries/PeriphDrivers/bin/MAX78000/spi-v1_softfp/libPeriphDriver_spi-v1_softfp.a(i2c_me17.o)
                0x100038e0                MXC_I2C_SetRXThreshold
 .text.MXC_I2C_SetTXThreshold
                0x100038e4        0x4 C:/MaximSDK/Libraries/PeriphDrivers/bin/MAX78000/spi-v1_softfp/libPeriphDriver_spi-v1_softfp.a(i2c_me17.o)
                0x100038e4                MXC_I2C_SetTXThreshold
 .text.MXC_I2C_RevA_Init
                0x100038e8      0x104 C:/MaximSDK/Libraries/PeriphDrivers/bin/MAX78000/spi-v1_softfp/libPeriphDriver_spi-v1_softfp.a(i2c_reva.o)
                0x100038e8                MXC_I2C_RevA_Init
 .text.MXC_I2C_RevA_SetSlaveAddr
                0x100039ec       0x3c C:/MaximSDK/Libraries/PeriphDrivers/bin/MAX78000/spi-v1_softfp/libPeriphDriver_spi-v1_softfp.a(i2c_reva.o)
                0x100039ec                MXC_I2C_RevA_SetSlaveAddr
 .text.MXC_I2C_RevA_Shutdown
                0x10003a28       0xac C:/MaximSDK/Libraries/PeriphDrivers/bin/MAX78000/spi-v1_softfp/libPeriphDriver_spi-v1_softfp.a(i2c_reva.o)
                0x10003a28                MXC_I2C_RevA_Shutdown
 .text.MXC_I2C_RevA_SetFrequency
                0x10003ad4       0xc0 C:/MaximSDK/Libraries/PeriphDrivers/bin/MAX78000/spi-v1_softfp/libPeriphDriver_spi-v1_softfp.a(i2c_reva.o)
                0x10003ad4                MXC_I2C_RevA_SetFrequency
 .text.MXC_I2C_RevA_GetFrequency
                0x10003b94       0x38 C:/MaximSDK/Libraries/PeriphDrivers/bin/MAX78000/spi-v1_softfp/libPeriphDriver_spi-v1_softfp.a(i2c_reva.o)
                0x10003b94                MXC_I2C_RevA_GetFrequency
 .text.MXC_I2C_RevA_ClearRXFIFO
                0x10003bcc       0x10 C:/MaximSDK/Libraries/PeriphDrivers/bin/MAX78000/spi-v1_softfp/libPeriphDriver_spi-v1_softfp.a(i2c_reva.o)
                0x10003bcc                MXC_I2C_RevA_ClearRXFIFO
 .text.MXC_I2C_RevA_ClearTXFIFO
                0x10003bdc       0x10 C:/MaximSDK/Libraries/PeriphDrivers/bin/MAX78000/spi-v1_softfp/libPeriphDriver_spi-v1_softfp.a(i2c_reva.o)
                0x10003bdc                MXC_I2C_RevA_ClearTXFIFO
 .text.MXC_I2C_RevA_Recover
                0x10003bec       0xd8 C:/MaximSDK/Libraries/PeriphDrivers/bin/MAX78000/spi-v1_softfp/libPeriphDriver_spi-v1_softfp.a(i2c_reva.o)
                0x10003bec                MXC_I2C_RevA_Recover
 .text.MXC_I2C_RevA_SetRXThreshold
                0x10003cc4       0x20 C:/MaximSDK/Libraries/PeriphDrivers/bin/MAX78000/spi-v1_softfp/libPeriphDriver_spi-v1_softfp.a(i2c_reva.o)
                0x10003cc4                MXC_I2C_RevA_SetRXThreshold
 .text.MXC_I2C_RevA_SetTXThreshold
                0x10003ce4       0x24 C:/MaximSDK/Libraries/PeriphDrivers/bin/MAX78000/spi-v1_softfp/libPeriphDriver_spi-v1_softfp.a(i2c_reva.o)
                0x10003ce4                MXC_I2C_RevA_SetTXThreshold
 .text.MXC_ICC_Enable
                0x10003d08        0x4 C:/MaximSDK/Libraries/PeriphDrivers/bin/MAX78000/spi-v1_softfp/libPeriphDriver_spi-v1_softfp.a(icc_me17.o)
                0x10003d08                MXC_ICC_Enable
 .text.MXC_ICC_RevA_Enable
                0x10003d0c       0x30 C:/MaximSDK/Libraries/PeriphDrivers/bin/MAX78000/spi-v1_softfp/libPeriphDriver_spi-v1_softfp.a(icc_reva.o)
                0x10003d0c                MXC_ICC_RevA_Enable
 .text.MXC_PT_Init
                0x10003d3c      0x128 C:/MaximSDK/Libraries/PeriphDrivers/bin/MAX78000/spi-v1_softfp/libPeriphDriver_spi-v1_softfp.a(pt_ai85.o)
                0x10003d3c                MXC_PT_Init
 .text.MXC_PT_Config
                0x10003e64       0x5c C:/MaximSDK/Libraries/PeriphDrivers/bin/MAX78000/spi-v1_softfp/libPeriphDriver_spi-v1_softfp.a(pt_ai85.o)
                0x10003e64                MXC_PT_Config
 .text.MXC_PT_SqrWaveConfig
                0x10003ec0       0x20 C:/MaximSDK/Libraries/PeriphDrivers/bin/MAX78000/spi-v1_softfp/libPeriphDriver_spi-v1_softfp.a(pt_ai85.o)
                0x10003ec0                MXC_PT_SqrWaveConfig
 .text.MXC_PT_Start
                0x10003ee0        0xc C:/MaximSDK/Libraries/PeriphDrivers/bin/MAX78000/spi-v1_softfp/libPeriphDriver_spi-v1_softfp.a(pt_ai85.o)
                0x10003ee0                MXC_PT_Start
 .text.MXC_PT_IsActive
                0x10003eec        0xc C:/MaximSDK/Libraries/PeriphDrivers/bin/MAX78000/spi-v1_softfp/libPeriphDriver_spi-v1_softfp.a(pt_ai85.o)
                0x10003eec                MXC_PT_IsActive
 .text.MXC_PT_RevA_Init
                0x10003ef8       0x10 C:/MaximSDK/Libraries/PeriphDrivers/bin/MAX78000/spi-v1_softfp/libPeriphDriver_spi-v1_softfp.a(pt_reva.o)
                0x10003ef8                MXC_PT_RevA_Init
 .text.MXC_PT_RevA_Config
                0x10003f08       0xc4 C:/MaximSDK/Libraries/PeriphDrivers/bin/MAX78000/spi-v1_softfp/libPeriphDriver_spi-v1_softfp.a(pt_reva.o)
                0x10003f08                MXC_PT_RevA_Config
 .text.MXC_PT_RevA_SqrWaveConfig
                0x10003fcc       0x18 C:/MaximSDK/Libraries/PeriphDrivers/bin/MAX78000/spi-v1_softfp/libPeriphDriver_spi-v1_softfp.a(pt_reva.o)
                0x10003fcc                MXC_PT_RevA_SqrWaveConfig
 .text.MXC_PT_RevA_Start
                0x10003fe4       0x10 C:/MaximSDK/Libraries/PeriphDrivers/bin/MAX78000/spi-v1_softfp/libPeriphDriver_spi-v1_softfp.a(pt_reva.o)
                0x10003fe4                MXC_PT_RevA_Start
 .text.MXC_PT_RevA_IsActive
                0x10003ff4        0xc C:/MaximSDK/Libraries/PeriphDrivers/bin/MAX78000/spi-v1_softfp/libPeriphDriver_spi-v1_softfp.a(pt_reva.o)
                0x10003ff4                MXC_PT_RevA_IsActive
 .text.MXC_TMR_Init
                0x10004000      0x314 C:/MaximSDK/Libraries/PeriphDrivers/bin/MAX78000/spi-v1_softfp/libPeriphDriver_spi-v1_softfp.a(tmr_ai85.o)
                0x10004000                MXC_TMR_Init
 .text.MXC_TMR_Start
                0x10004314        0x4 C:/MaximSDK/Libraries/PeriphDrivers/bin/MAX78000/spi-v1_softfp/libPeriphDriver_spi-v1_softfp.a(tmr_ai85.o)
                0x10004314                MXC_TMR_Start
 .text.MXC_TMR_Stop
                0x10004318        0x4 C:/MaximSDK/Libraries/PeriphDrivers/bin/MAX78000/spi-v1_softfp/libPeriphDriver_spi-v1_softfp.a(tmr_ai85.o)
                0x10004318                MXC_TMR_Stop
 .text.MXC_TMR_ClearFlags
                0x1000431c        0x4 C:/MaximSDK/Libraries/PeriphDrivers/bin/MAX78000/spi-v1_softfp/libPeriphDriver_spi-v1_softfp.a(tmr_ai85.o)
                0x1000431c                MXC_TMR_ClearFlags
 .text.MXC_TMR_SetCount
                0x10004320        0x4 C:/MaximSDK/Libraries/PeriphDrivers/bin/MAX78000/spi-v1_softfp/libPeriphDriver_spi-v1_softfp.a(tmr_ai85.o)
                0x10004320                MXC_TMR_SetCount
 .text.MXC_TMR_TO_Start
                0x10004324        0x4 C:/MaximSDK/Libraries/PeriphDrivers/bin/MAX78000/spi-v1_softfp/libPeriphDriver_spi-v1_softfp.a(tmr_ai85.o)
                0x10004324                MXC_TMR_TO_Start
 .text.MXC_TMR_TO_Stop
                0x10004328        0x4 C:/MaximSDK/Libraries/PeriphDrivers/bin/MAX78000/spi-v1_softfp/libPeriphDriver_spi-v1_softfp.a(tmr_ai85.o)
                0x10004328                MXC_TMR_TO_Stop
 .text.MXC_TMR_TO_Elapsed
                0x1000432c        0x4 C:/MaximSDK/Libraries/PeriphDrivers/bin/MAX78000/spi-v1_softfp/libPeriphDriver_spi-v1_softfp.a(tmr_ai85.o)
                0x1000432c                MXC_TMR_TO_Elapsed
 .text.MXC_TMR_SW_Start
                0x10004330        0x4 C:/MaximSDK/Libraries/PeriphDrivers/bin/MAX78000/spi-v1_softfp/libPeriphDriver_spi-v1_softfp.a(tmr_ai85.o)
                0x10004330                MXC_TMR_SW_Start
 .text.MXC_TMR_SW_Stop
                0x10004334        0x4 C:/MaximSDK/Libraries/PeriphDrivers/bin/MAX78000/spi-v1_softfp/libPeriphDriver_spi-v1_softfp.a(tmr_ai85.o)
                0x10004334                MXC_TMR_SW_Stop
 .text.MXC_TMR_GetTime
                0x10004338        0x4 C:/MaximSDK/Libraries/PeriphDrivers/bin/MAX78000/spi-v1_softfp/libPeriphDriver_spi-v1_softfp.a(tmr_ai85.o)
                0x10004338                MXC_TMR_GetTime
 .text.MXC_TMR_RevB_SetClockSource
                0x1000433c       0xa0 C:/MaximSDK/Libraries/PeriphDrivers/bin/MAX78000/spi-v1_softfp/libPeriphDriver_spi-v1_softfp.a(tmr_revb.o)
                0x1000433c                MXC_TMR_RevB_SetClockSource
 .text.MXC_TMR_RevB_SetClockSourceFreq
                0x100043dc       0x88 C:/MaximSDK/Libraries/PeriphDrivers/bin/MAX78000/spi-v1_softfp/libPeriphDriver_spi-v1_softfp.a(tmr_revb.o)
                0x100043dc                MXC_TMR_RevB_SetClockSourceFreq
 .text.MXC_TMR_RevB_GetClockSourceFreq
                0x10004464       0x80 C:/MaximSDK/Libraries/PeriphDrivers/bin/MAX78000/spi-v1_softfp/libPeriphDriver_spi-v1_softfp.a(tmr_revb.o)
                0x10004464                MXC_TMR_RevB_GetClockSourceFreq
 .text.MXC_TMR_RevB_ConfigGeneric
                0x100044e4       0xc4 C:/MaximSDK/Libraries/PeriphDrivers/bin/MAX78000/spi-v1_softfp/libPeriphDriver_spi-v1_softfp.a(tmr_revb.o)
                0x100044e4                MXC_TMR_RevB_ConfigGeneric
 .text.MXC_TMR_RevB_Init
                0x100045a8      0x158 C:/MaximSDK/Libraries/PeriphDrivers/bin/MAX78000/spi-v1_softfp/libPeriphDriver_spi-v1_softfp.a(tmr_revb.o)
                0x100045a8                MXC_TMR_RevB_Init
 .text.MXC_TMR_RevB_Start
                0x10004700       0x78 C:/MaximSDK/Libraries/PeriphDrivers/bin/MAX78000/spi-v1_softfp/libPeriphDriver_spi-v1_softfp.a(tmr_revb.o)
                0x10004700                MXC_TMR_RevB_Start
 .text.MXC_TMR_RevB_Stop
                0x10004778       0x58 C:/MaximSDK/Libraries/PeriphDrivers/bin/MAX78000/spi-v1_softfp/libPeriphDriver_spi-v1_softfp.a(tmr_revb.o)
                0x10004778                MXC_TMR_RevB_Stop
 .text.MXC_TMR_RevB_ClearFlags
                0x100047d0       0x58 C:/MaximSDK/Libraries/PeriphDrivers/bin/MAX78000/spi-v1_softfp/libPeriphDriver_spi-v1_softfp.a(tmr_revb.o)
                0x100047d0                MXC_TMR_RevB_ClearFlags
 .text.MXC_TMR_RevB_SetCount
                0x10004828       0x5c C:/MaximSDK/Libraries/PeriphDrivers/bin/MAX78000/spi-v1_softfp/libPeriphDriver_spi-v1_softfp.a(tmr_revb.o)
                0x10004828                MXC_TMR_RevB_SetCount
 .text.MXC_TMR_RevB_TO_Start
                0x10004884       0xe4 C:/MaximSDK/Libraries/PeriphDrivers/bin/MAX78000/spi-v1_softfp/libPeriphDriver_spi-v1_softfp.a(tmr_revb.o)
                0x10004884                MXC_TMR_RevB_TO_Start
 .text.MXC_TMR_RevB_GetTime
                0x10004968      0x168 C:/MaximSDK/Libraries/PeriphDrivers/bin/MAX78000/spi-v1_softfp/libPeriphDriver_spi-v1_softfp.a(tmr_revb.o)
                0x10004968                MXC_TMR_RevB_GetTime
 .text.MXC_UART_Shutdown
                0x10004ad0       0x70 C:/MaximSDK/Libraries/PeriphDrivers/bin/MAX78000/spi-v1_softfp/libPeriphDriver_spi-v1_softfp.a(uart_ai85.o)
                0x10004ad0                MXC_UART_Shutdown
 .text.MXC_UART_SetFrequency
                0x10004b40       0x90 C:/MaximSDK/Libraries/PeriphDrivers/bin/MAX78000/spi-v1_softfp/libPeriphDriver_spi-v1_softfp.a(uart_ai85.o)
                0x10004b40                MXC_UART_SetFrequency
 .text.MXC_UART_SetDataSize
                0x10004bd0        0x4 C:/MaximSDK/Libraries/PeriphDrivers/bin/MAX78000/spi-v1_softfp/libPeriphDriver_spi-v1_softfp.a(uart_ai85.o)
                0x10004bd0                MXC_UART_SetDataSize
 .text.MXC_UART_SetStopBits
                0x10004bd4        0x4 C:/MaximSDK/Libraries/PeriphDrivers/bin/MAX78000/spi-v1_softfp/libPeriphDriver_spi-v1_softfp.a(uart_ai85.o)
                0x10004bd4                MXC_UART_SetStopBits
 .text.MXC_UART_SetParity
                0x10004bd8        0x4 C:/MaximSDK/Libraries/PeriphDrivers/bin/MAX78000/spi-v1_softfp/libPeriphDriver_spi-v1_softfp.a(uart_ai85.o)
                0x10004bd8                MXC_UART_SetParity
 .text.MXC_UART_SetClockSource
                0x10004bdc       0x60 C:/MaximSDK/Libraries/PeriphDrivers/bin/MAX78000/spi-v1_softfp/libPeriphDriver_spi-v1_softfp.a(uart_ai85.o)
                0x10004bdc                MXC_UART_SetClockSource
 .text.MXC_UART_GetClockSource
                0x10004c3c       0x4c C:/MaximSDK/Libraries/PeriphDrivers/bin/MAX78000/spi-v1_softfp/libPeriphDriver_spi-v1_softfp.a(uart_ai85.o)
                0x10004c3c                MXC_UART_GetClockSource
 .text.MXC_UART_Init
                0x10004c88       0xa0 C:/MaximSDK/Libraries/PeriphDrivers/bin/MAX78000/spi-v1_softfp/libPeriphDriver_spi-v1_softfp.a(uart_ai85.o)
                0x10004c88                MXC_UART_Init
 .text.MXC_UART_ReadCharacterRaw
                0x10004d28        0x4 C:/MaximSDK/Libraries/PeriphDrivers/bin/MAX78000/spi-v1_softfp/libPeriphDriver_spi-v1_softfp.a(uart_ai85.o)
                0x10004d28                MXC_UART_ReadCharacterRaw
 .text.MXC_UART_WriteCharacterRaw
                0x10004d2c        0x4 C:/MaximSDK/Libraries/PeriphDrivers/bin/MAX78000/spi-v1_softfp/libPeriphDriver_spi-v1_softfp.a(uart_ai85.o)
                0x10004d2c                MXC_UART_WriteCharacterRaw
 .text.MXC_UART_ReadCharacter
                0x10004d30        0x4 C:/MaximSDK/Libraries/PeriphDrivers/bin/MAX78000/spi-v1_softfp/libPeriphDriver_spi-v1_softfp.a(uart_ai85.o)
                0x10004d30                MXC_UART_ReadCharacter
 .text.MXC_UART_WriteCharacter
                0x10004d34        0x4 C:/MaximSDK/Libraries/PeriphDrivers/bin/MAX78000/spi-v1_softfp/libPeriphDriver_spi-v1_softfp.a(uart_ai85.o)
                0x10004d34                MXC_UART_WriteCharacter
 .text.MXC_UART_GetRXFIFOAvailable
                0x10004d38        0x4 C:/MaximSDK/Libraries/PeriphDrivers/bin/MAX78000/spi-v1_softfp/libPeriphDriver_spi-v1_softfp.a(uart_ai85.o)
                0x10004d38                MXC_UART_GetRXFIFOAvailable
 .text.MXC_UART_GetTXFIFOAvailable
                0x10004d3c        0x4 C:/MaximSDK/Libraries/PeriphDrivers/bin/MAX78000/spi-v1_softfp/libPeriphDriver_spi-v1_softfp.a(uart_ai85.o)
                0x10004d3c                MXC_UART_GetTXFIFOAvailable
 .text.MXC_UART_SetRXThreshold
                0x10004d40        0x4 C:/MaximSDK/Libraries/PeriphDrivers/bin/MAX78000/spi-v1_softfp/libPeriphDriver_spi-v1_softfp.a(uart_ai85.o)
                0x10004d40                MXC_UART_SetRXThreshold
 .text.MXC_UART_Common_ReadCharacter
                0x10004d44       0x18 C:/MaximSDK/Libraries/PeriphDrivers/bin/MAX78000/spi-v1_softfp/libPeriphDriver_spi-v1_softfp.a(uart_common.o)
                0x10004d44                MXC_UART_Common_ReadCharacter
 .text.MXC_UART_Common_WriteCharacter
                0x10004d5c       0x1c C:/MaximSDK/Libraries/PeriphDrivers/bin/MAX78000/spi-v1_softfp/libPeriphDriver_spi-v1_softfp.a(uart_common.o)
                0x10004d5c                MXC_UART_Common_WriteCharacter
 .text.MXC_UART_RevB_Init
                0x10004d78       0xe0 C:/MaximSDK/Libraries/PeriphDrivers/bin/MAX78000/spi-v1_softfp/libPeriphDriver_spi-v1_softfp.a(uart_revb.o)
                0x10004d78                MXC_UART_RevB_Init
 .text.MXC_UART_RevB_SetFrequency
                0x10004e58       0x1c C:/MaximSDK/Libraries/PeriphDrivers/bin/MAX78000/spi-v1_softfp/libPeriphDriver_spi-v1_softfp.a(uart_revb.o)
                0x10004e58                MXC_UART_RevB_SetFrequency
 .text.MXC_UART_RevB_SetDataSize
                0x10004e74       0x20 C:/MaximSDK/Libraries/PeriphDrivers/bin/MAX78000/spi-v1_softfp/libPeriphDriver_spi-v1_softfp.a(uart_revb.o)
                0x10004e74                MXC_UART_RevB_SetDataSize
 .text.MXC_UART_RevB_SetStopBits
                0x10004e94       0x28 C:/MaximSDK/Libraries/PeriphDrivers/bin/MAX78000/spi-v1_softfp/libPeriphDriver_spi-v1_softfp.a(uart_revb.o)
                0x10004e94                MXC_UART_RevB_SetStopBits
 .text.MXC_UART_RevB_SetParity
                0x10004ebc       0x94 C:/MaximSDK/Libraries/PeriphDrivers/bin/MAX78000/spi-v1_softfp/libPeriphDriver_spi-v1_softfp.a(uart_revb.o)
                0x10004ebc                MXC_UART_RevB_SetParity
 .text.MXC_UART_RevB_SetClockSource
                0x10004f50       0xa8 C:/MaximSDK/Libraries/PeriphDrivers/bin/MAX78000/spi-v1_softfp/libPeriphDriver_spi-v1_softfp.a(uart_revb.o)
                0x10004f50                MXC_UART_RevB_SetClockSource
 .text.MXC_UART_RevB_GetClockSource
                0x10004ff8        0x8 C:/MaximSDK/Libraries/PeriphDrivers/bin/MAX78000/spi-v1_softfp/libPeriphDriver_spi-v1_softfp.a(uart_revb.o)
                0x10004ff8                MXC_UART_RevB_GetClockSource
 .text.MXC_UART_RevB_ReadCharacterRaw
                0x10005000       0x10 C:/MaximSDK/Libraries/PeriphDrivers/bin/MAX78000/spi-v1_softfp/libPeriphDriver_spi-v1_softfp.a(uart_revb.o)
                0x10005000                MXC_UART_RevB_ReadCharacterRaw
 .text.MXC_UART_RevB_WriteCharacterRaw
                0x10005010       0x14 C:/MaximSDK/Libraries/PeriphDrivers/bin/MAX78000/spi-v1_softfp/libPeriphDriver_spi-v1_softfp.a(uart_revb.o)
                0x10005010                MXC_UART_RevB_WriteCharacterRaw
 .text.MXC_UART_RevB_GetRXFIFOAvailable
                0x10005024        0x8 C:/MaximSDK/Libraries/PeriphDrivers/bin/MAX78000/spi-v1_softfp/libPeriphDriver_spi-v1_softfp.a(uart_revb.o)
                0x10005024                MXC_UART_RevB_GetRXFIFOAvailable
 .text.MXC_UART_RevB_GetTXFIFOAvailable
                0x1000502c        0xc C:/MaximSDK/Libraries/PeriphDrivers/bin/MAX78000/spi-v1_softfp/libPeriphDriver_spi-v1_softfp.a(uart_revb.o)
                0x1000502c                MXC_UART_RevB_GetTXFIFOAvailable
 .text.MXC_UART_RevB_SetRXThreshold
                0x10005038       0x1c C:/MaximSDK/Libraries/PeriphDrivers/bin/MAX78000/spi-v1_softfp/libPeriphDriver_spi-v1_softfp.a(uart_revb.o)
                0x10005038                MXC_UART_RevB_SetRXThreshold
 .text.MXC_GetLock
                0x10005054       0x1c C:/MaximSDK/Libraries/PeriphDrivers/bin/MAX78000/spi-v1_softfp/libPeriphDriver_spi-v1_softfp.a(mxc_lock.o)
                0x10005054                MXC_GetLock
 .text.MXC_FreeLock
                0x10005070        0xc C:/MaximSDK/Libraries/PeriphDrivers/bin/MAX78000/spi-v1_softfp/libPeriphDriver_spi-v1_softfp.a(mxc_lock.o)
                0x10005070                MXC_FreeLock
 .text.MXC_GPIO_Common_Init
                0x1000507c       0x24 C:/MaximSDK/Libraries/PeriphDrivers/bin/MAX78000/spi-v1_softfp/libPeriphDriver_spi-v1_softfp.a(gpio_common.o)
                0x1000507c                MXC_GPIO_Common_Init
 .text.MXC_GPIO_Common_Handler
                0x100050a0       0x88 C:/MaximSDK/Libraries/PeriphDrivers/bin/MAX78000/spi-v1_softfp/libPeriphDriver_spi-v1_softfp.a(gpio_common.o)
                0x100050a0                MXC_GPIO_Common_Handler
 .text.MXC_GPIO_Common_GetConfigLock
                0x10005128        0xc C:/MaximSDK/Libraries/PeriphDrivers/bin/MAX78000/spi-v1_softfp/libPeriphDriver_spi-v1_softfp.a(gpio_common.o)
                0x10005128                MXC_GPIO_Common_GetConfigLock
 .text.MXC_TMR_Common_TO_Stop
                0x10005134       0x14 C:/MaximSDK/Libraries/PeriphDrivers/bin/MAX78000/spi-v1_softfp/libPeriphDriver_spi-v1_softfp.a(tmr_common.o)
                0x10005134                MXC_TMR_Common_TO_Stop
 .text.MXC_TMR_Common_SW_Start
                0x10005148        0x8 C:/MaximSDK/Libraries/PeriphDrivers/bin/MAX78000/spi-v1_softfp/libPeriphDriver_spi-v1_softfp.a(tmr_common.o)
                0x10005148                MXC_TMR_Common_SW_Start
 .text.MXC_TMR_Common_SW_Stop
                0x10005150       0x14 C:/MaximSDK/Libraries/PeriphDrivers/bin/MAX78000/spi-v1_softfp/libPeriphDriver_spi-v1_softfp.a(tmr_common.o)
                0x10005150                MXC_TMR_Common_SW_Stop
 .text.MXC_TMR_Common_TO_Elapsed
                0x10005164       0x54 C:/MaximSDK/Libraries/PeriphDrivers/bin/MAX78000/spi-v1_softfp/libPeriphDriver_spi-v1_softfp.a(tmr_common.o)
                0x10005164                MXC_TMR_Common_TO_Elapsed
 .text.__errno  0x100051b8        0xc c:/maximsdk/tools/gnutools/10.3/bin/../lib/gcc/arm-none-eabi/10.3.1/../../../../arm-none-eabi/lib/thumb/v7e-m+fp/softfp\libc.a(lib_a-errno.o)
                0x100051b8                __errno
 .text.__libc_init_array
                0x100051c4       0x48 c:/maximsdk/tools/gnutools/10.3/bin/../lib/gcc/arm-none-eabi/10.3.1/../../../../arm-none-eabi/lib/thumb/v7e-m+fp/softfp\libc.a(lib_a-init.o)
                0x100051c4                __libc_init_array
 .text.malloc   0x1000520c       0x10 c:/maximsdk/tools/gnutools/10.3/bin/../lib/gcc/arm-none-eabi/10.3.1/../../../../arm-none-eabi/lib/thumb/v7e-m+fp/softfp\libc.a(lib_a-malloc.o)
                0x1000520c                malloc
 .text.free     0x1000521c       0x10 c:/maximsdk/tools/gnutools/10.3/bin/../lib/gcc/arm-none-eabi/10.3.1/../../../../arm-none-eabi/lib/thumb/v7e-m+fp/softfp\libc.a(lib_a-malloc.o)
                0x1000521c                free
 .text._malloc_r
                0x1000522c      0x560 c:/maximsdk/tools/gnutools/10.3/bin/../lib/gcc/arm-none-eabi/10.3.1/../../../../arm-none-eabi/lib/thumb/v7e-m+fp/softfp\libc.a(lib_a-mallocr.o)
                0x1000522c                _malloc_r
 .text          0x1000578c      0x134 c:/maximsdk/tools/gnutools/10.3/bin/../lib/gcc/arm-none-eabi/10.3.1/../../../../arm-none-eabi/lib/thumb/v7e-m+fp/softfp\libc.a(lib_a-memcpy.o)
                0x1000578c                memcpy
 .text.memset   0x100058c0       0xa4 c:/maximsdk/tools/gnutools/10.3/bin/../lib/gcc/arm-none-eabi/10.3.1/../../../../arm-none-eabi/lib/thumb/v7e-m+fp/softfp\libc.a(lib_a-memset.o)
                0x100058c0                memset
 .text.__malloc_lock
                0x10005964        0xc c:/maximsdk/tools/gnutools/10.3/bin/../lib/gcc/arm-none-eabi/10.3.1/../../../../arm-none-eabi/lib/thumb/v7e-m+fp/softfp\libc.a(lib_a-mlock.o)
                0x10005964                __malloc_lock
 .text.__malloc_unlock
                0x10005970        0xc c:/maximsdk/tools/gnutools/10.3/bin/../lib/gcc/arm-none-eabi/10.3.1/../../../../arm-none-eabi/lib/thumb/v7e-m+fp/softfp\libc.a(lib_a-mlock.o)
                0x10005970                __malloc_unlock
 .text.printf   0x1000597c       0x28 c:/maximsdk/tools/gnutools/10.3/bin/../lib/gcc/arm-none-eabi/10.3.1/../../../../arm-none-eabi/lib/thumb/v7e-m+fp/softfp\libc.a(lib_a-printf.o)
                0x1000597c                printf
 .text.putchar  0x100059a4       0x10 c:/maximsdk/tools/gnutools/10.3/bin/../lib/gcc/arm-none-eabi/10.3.1/../../../../arm-none-eabi/lib/thumb/v7e-m+fp/softfp\libc.a(lib_a-putchar.o)
                0x100059a4                putchar
 .text._puts_r  0x100059b4       0x9c c:/maximsdk/tools/gnutools/10.3/bin/../lib/gcc/arm-none-eabi/10.3.1/../../../../arm-none-eabi/lib/thumb/v7e-m+fp/softfp\libc.a(lib_a-puts.o)
                0x100059b4                _puts_r
 .text.puts     0x10005a50       0x10 c:/maximsdk/tools/gnutools/10.3/bin/../lib/gcc/arm-none-eabi/10.3.1/../../../../arm-none-eabi/lib/thumb/v7e-m+fp/softfp\libc.a(lib_a-puts.o)
                0x10005a50                puts
 .text._sbrk_r  0x10005a60       0x24 c:/maximsdk/tools/gnutools/10.3/bin/../lib/gcc/arm-none-eabi/10.3.1/../../../../arm-none-eabi/lib/thumb/v7e-m+fp/softfp\libc.a(lib_a-sbrkr.o)
                0x10005a60                _sbrk_r
 .text.snprintf
                0x10005a84       0x88 c:/maximsdk/tools/gnutools/10.3/bin/../lib/gcc/arm-none-eabi/10.3.1/../../../../arm-none-eabi/lib/thumb/v7e-m+fp/softfp\libc.a(lib_a-snprintf.o)
                0x10005a84                snprintf
 *fill*         0x10005b0c       0x34 
 .text          0x10005b40       0xdc c:/maximsdk/tools/gnutools/10.3/bin/../lib/gcc/arm-none-eabi/10.3.1/../../../../arm-none-eabi/lib/thumb/v7e-m+fp/softfp\libc.a(lib_a-strlen.o)
                0x10005b40                strlen
 *fill*         0x10005c1c        0x4 
 .text._svfprintf_r
                0x10005c20     0x1ac8 c:/maximsdk/tools/gnutools/10.3/bin/../lib/gcc/arm-none-eabi/10.3.1/../../../../arm-none-eabi/lib/thumb/v7e-m+fp/softfp\libc.a(lib_a-svfprintf.o)
                0x10005c20                _svfprintf_r
 .text._vfprintf_r
                0x100076e8     0x1b8c c:/maximsdk/tools/gnutools/10.3/bin/../lib/gcc/arm-none-eabi/10.3.1/../../../../arm-none-eabi/lib/thumb/v7e-m+fp/softfp\libc.a(lib_a-vfprintf.o)
                0x100076e8                _vfprintf_r
 .text.__sbprintf
                0x10009274       0x80 c:/maximsdk/tools/gnutools/10.3/bin/../lib/gcc/arm-none-eabi/10.3.1/../../../../arm-none-eabi/lib/thumb/v7e-m+fp/softfp\libc.a(lib_a-vfprintf.o)
 .text.__swsetup_r
                0x100092f4       0xd4 c:/maximsdk/tools/gnutools/10.3/bin/../lib/gcc/arm-none-eabi/10.3.1/../../../../arm-none-eabi/lib/thumb/v7e-m+fp/softfp\libc.a(lib_a-wsetup.o)
                0x100092f4                __swsetup_r
 .text.startup.register_fini
                0x100093c8       0x14 c:/maximsdk/tools/gnutools/10.3/bin/../lib/gcc/arm-none-eabi/10.3.1/../../../../arm-none-eabi/lib/thumb/v7e-m+fp/softfp\libc.a(lib_a-__call_atexit.o)
 .text.atexit   0x100093dc        0xc c:/maximsdk/tools/gnutools/10.3/bin/../lib/gcc/arm-none-eabi/10.3.1/../../../../arm-none-eabi/lib/thumb/v7e-m+fp/softfp\libc.a(lib_a-atexit.o)
                0x100093dc                atexit
 .text.quorem   0x100093e8      0x128 c:/maximsdk/tools/gnutools/10.3/bin/../lib/gcc/arm-none-eabi/10.3.1/../../../../arm-none-eabi/lib/thumb/v7e-m+fp/softfp\libc.a(lib_a-dtoa.o)
 .text._dtoa_r  0x10009510      0xf34 c:/maximsdk/tools/gnutools/10.3/bin/../lib/gcc/arm-none-eabi/10.3.1/../../../../arm-none-eabi/lib/thumb/v7e-m+fp/softfp\libc.a(lib_a-dtoa.o)
                0x10009510                _dtoa_r
 .text.__sflush_r
                0x1000a444      0x130 c:/maximsdk/tools/gnutools/10.3/bin/../lib/gcc/arm-none-eabi/10.3.1/../../../../arm-none-eabi/lib/thumb/v7e-m+fp/softfp\libc.a(lib_a-fflush.o)
                0x1000a444                __sflush_r
 .text._fflush_r
                0x1000a574       0x5c c:/maximsdk/tools/gnutools/10.3/bin/../lib/gcc/arm-none-eabi/10.3.1/../../../../arm-none-eabi/lib/thumb/v7e-m+fp/softfp\libc.a(lib_a-fflush.o)
                0x1000a574                _fflush_r
 .text._cleanup_r
                0x1000a5d0        0xc c:/maximsdk/tools/gnutools/10.3/bin/../lib/gcc/arm-none-eabi/10.3.1/../../../../arm-none-eabi/lib/thumb/v7e-m+fp/softfp\libc.a(lib_a-findfp.o)
                0x1000a5d0                _cleanup_r
 .text.__sinit  0x1000a5dc      0x10c c:/maximsdk/tools/gnutools/10.3/bin/../lib/gcc/arm-none-eabi/10.3.1/../../../../arm-none-eabi/lib/thumb/v7e-m+fp/softfp\libc.a(lib_a-findfp.o)
                0x1000a5dc                __sinit
 .text.__sfp_lock_acquire
                0x1000a6e8        0xc c:/maximsdk/tools/gnutools/10.3/bin/../lib/gcc/arm-none-eabi/10.3.1/../../../../arm-none-eabi/lib/thumb/v7e-m+fp/softfp\libc.a(lib_a-findfp.o)
                0x1000a6e8                __sfp_lock_acquire
 .text.__sfp_lock_release
                0x1000a6f4        0xc c:/maximsdk/tools/gnutools/10.3/bin/../lib/gcc/arm-none-eabi/10.3.1/../../../../arm-none-eabi/lib/thumb/v7e-m+fp/softfp\libc.a(lib_a-findfp.o)
                0x1000a6f4                __sfp_lock_release
 .text.__libc_fini_array
                0x1000a700       0x2c c:/maximsdk/tools/gnutools/10.3/bin/../lib/gcc/arm-none-eabi/10.3.1/../../../../arm-none-eabi/lib/thumb/v7e-m+fp/softfp\libc.a(lib_a-fini.o)
                0x1000a700                __libc_fini_array
 .text._malloc_trim_r
                0x1000a72c       0xa0 c:/maximsdk/tools/gnutools/10.3/bin/../lib/gcc/arm-none-eabi/10.3.1/../../../../arm-none-eabi/lib/thumb/v7e-m+fp/softfp\libc.a(lib_a-freer.o)
                0x1000a72c                _malloc_trim_r
 .text._free_r  0x1000a7cc      0x20c c:/maximsdk/tools/gnutools/10.3/bin/../lib/gcc/arm-none-eabi/10.3.1/../../../../arm-none-eabi/lib/thumb/v7e-m+fp/softfp\libc.a(lib_a-freer.o)
                0x1000a7cc                _free_r
 .text.__sfvwrite_r
                0x1000a9d8      0x2f0 c:/maximsdk/tools/gnutools/10.3/bin/../lib/gcc/arm-none-eabi/10.3.1/../../../../arm-none-eabi/lib/thumb/v7e-m+fp/softfp\libc.a(lib_a-fvwrite.o)
                0x1000a9d8                __sfvwrite_r
 .text._fwalk_reent
                0x1000acc8       0x48 c:/maximsdk/tools/gnutools/10.3/bin/../lib/gcc/arm-none-eabi/10.3.1/../../../../arm-none-eabi/lib/thumb/v7e-m+fp/softfp\libc.a(lib_a-fwalk.o)
                0x1000acc8                _fwalk_reent
 .text._localeconv_r
                0x1000ad10        0x8 c:/maximsdk/tools/gnutools/10.3/bin/../lib/gcc/arm-none-eabi/10.3.1/../../../../arm-none-eabi/lib/thumb/v7e-m+fp/softfp\libc.a(lib_a-localeconv.o)
                0x1000ad10                _localeconv_r
 .text.__retarget_lock_init_recursive
                0x1000ad18        0x4 c:/maximsdk/tools/gnutools/10.3/bin/../lib/gcc/arm-none-eabi/10.3.1/../../../../arm-none-eabi/lib/thumb/v7e-m+fp/softfp\libc.a(lib_a-lock.o)
                0x1000ad18                __retarget_lock_init_recursive
 .text.__retarget_lock_close_recursive
                0x1000ad1c        0x4 c:/maximsdk/tools/gnutools/10.3/bin/../lib/gcc/arm-none-eabi/10.3.1/../../../../arm-none-eabi/lib/thumb/v7e-m+fp/softfp\libc.a(lib_a-lock.o)
                0x1000ad1c                __retarget_lock_close_recursive
 .text.__retarget_lock_acquire_recursive
                0x1000ad20        0x4 c:/maximsdk/tools/gnutools/10.3/bin/../lib/gcc/arm-none-eabi/10.3.1/../../../../arm-none-eabi/lib/thumb/v7e-m+fp/softfp\libc.a(lib_a-lock.o)
                0x1000ad20                __retarget_lock_acquire_recursive
 .text.__retarget_lock_release_recursive
                0x1000ad24        0x4 c:/maximsdk/tools/gnutools/10.3/bin/../lib/gcc/arm-none-eabi/10.3.1/../../../../arm-none-eabi/lib/thumb/v7e-m+fp/softfp\libc.a(lib_a-lock.o)
                0x1000ad24                __retarget_lock_release_recursive
 .text.__smakebuf_r
                0x1000ad28       0xe0 c:/maximsdk/tools/gnutools/10.3/bin/../lib/gcc/arm-none-eabi/10.3.1/../../../../arm-none-eabi/lib/thumb/v7e-m+fp/softfp\libc.a(lib_a-makebuf.o)
                0x1000ad28                __smakebuf_r
 *fill*         0x1000ae08        0x8 
 .text          0x1000ae10       0xa0 c:/maximsdk/tools/gnutools/10.3/bin/../lib/gcc/arm-none-eabi/10.3.1/../../../../arm-none-eabi/lib/thumb/v7e-m+fp/softfp\libc.a(lib_a-memchr.o)
                0x1000ae10                memchr
 .text.memmove  0x1000aeb0       0xf8 c:/maximsdk/tools/gnutools/10.3/bin/../lib/gcc/arm-none-eabi/10.3.1/../../../../arm-none-eabi/lib/thumb/v7e-m+fp/softfp\libc.a(lib_a-memmove.o)
                0x1000aeb0                memmove
 .text._Balloc  0x1000afa8       0x4c c:/maximsdk/tools/gnutools/10.3/bin/../lib/gcc/arm-none-eabi/10.3.1/../../../../arm-none-eabi/lib/thumb/v7e-m+fp/softfp\libc.a(lib_a-mprec.o)
                0x1000afa8                _Balloc
 .text._Bfree   0x1000aff4       0x14 c:/maximsdk/tools/gnutools/10.3/bin/../lib/gcc/arm-none-eabi/10.3.1/../../../../arm-none-eabi/lib/thumb/v7e-m+fp/softfp\libc.a(lib_a-mprec.o)
                0x1000aff4                _Bfree
 .text.__multadd
                0x1000b008       0xa8 c:/maximsdk/tools/gnutools/10.3/bin/../lib/gcc/arm-none-eabi/10.3.1/../../../../arm-none-eabi/lib/thumb/v7e-m+fp/softfp\libc.a(lib_a-mprec.o)
                0x1000b008                __multadd
 .text.__hi0bits
                0x1000b0b0       0x40 c:/maximsdk/tools/gnutools/10.3/bin/../lib/gcc/arm-none-eabi/10.3.1/../../../../arm-none-eabi/lib/thumb/v7e-m+fp/softfp\libc.a(lib_a-mprec.o)
                0x1000b0b0                __hi0bits
 .text.__lo0bits
                0x1000b0f0       0x60 c:/maximsdk/tools/gnutools/10.3/bin/../lib/gcc/arm-none-eabi/10.3.1/../../../../arm-none-eabi/lib/thumb/v7e-m+fp/softfp\libc.a(lib_a-mprec.o)
                0x1000b0f0                __lo0bits
 .text.__i2b    0x1000b150       0x5c c:/maximsdk/tools/gnutools/10.3/bin/../lib/gcc/arm-none-eabi/10.3.1/../../../../arm-none-eabi/lib/thumb/v7e-m+fp/softfp\libc.a(lib_a-mprec.o)
                0x1000b150                __i2b
 .text.__multiply
                0x1000b1ac      0x15c c:/maximsdk/tools/gnutools/10.3/bin/../lib/gcc/arm-none-eabi/10.3.1/../../../../arm-none-eabi/lib/thumb/v7e-m+fp/softfp\libc.a(lib_a-mprec.o)
                0x1000b1ac                __multiply
 .text.__pow5mult
                0x1000b308       0xc0 c:/maximsdk/tools/gnutools/10.3/bin/../lib/gcc/arm-none-eabi/10.3.1/../../../../arm-none-eabi/lib/thumb/v7e-m+fp/softfp\libc.a(lib_a-mprec.o)
                0x1000b308                __pow5mult
 .text.__lshift
                0x1000b3c8       0xf0 c:/maximsdk/tools/gnutools/10.3/bin/../lib/gcc/arm-none-eabi/10.3.1/../../../../arm-none-eabi/lib/thumb/v7e-m+fp/softfp\libc.a(lib_a-mprec.o)
                0x1000b3c8                __lshift
 .text.__mcmp   0x1000b4b8       0x44 c:/maximsdk/tools/gnutools/10.3/bin/../lib/gcc/arm-none-eabi/10.3.1/../../../../arm-none-eabi/lib/thumb/v7e-m+fp/softfp\libc.a(lib_a-mprec.o)
                0x1000b4b8                __mcmp
 .text.__mdiff  0x1000b4fc      0x14c c:/maximsdk/tools/gnutools/10.3/bin/../lib/gcc/arm-none-eabi/10.3.1/../../../../arm-none-eabi/lib/thumb/v7e-m+fp/softfp\libc.a(lib_a-mprec.o)
                0x1000b4fc                __mdiff
 .text.__d2b    0x1000b648       0xc4 c:/maximsdk/tools/gnutools/10.3/bin/../lib/gcc/arm-none-eabi/10.3.1/../../../../arm-none-eabi/lib/thumb/v7e-m+fp/softfp\libc.a(lib_a-mprec.o)
                0x1000b648                __d2b
 .text._putc_r  0x1000b70c       0x74 c:/maximsdk/tools/gnutools/10.3/bin/../lib/gcc/arm-none-eabi/10.3.1/../../../../arm-none-eabi/lib/thumb/v7e-m+fp/softfp\libc.a(lib_a-putc.o)
                0x1000b70c                _putc_r
 .text._realloc_r
                0x1000b780      0x3d8 c:/maximsdk/tools/gnutools/10.3/bin/../lib/gcc/arm-none-eabi/10.3.1/../../../../arm-none-eabi/lib/thumb/v7e-m+fp/softfp\libc.a(lib_a-reallocr.o)
                0x1000b780                _realloc_r
 .text.frexp    0x1000bb58       0x70 c:/maximsdk/tools/gnutools/10.3/bin/../lib/gcc/arm-none-eabi/10.3.1/../../../../arm-none-eabi/lib/thumb/v7e-m+fp/softfp\libc.a(lib_a-s_frexp.o)
                0x1000bb58                frexp
 .text.__sread  0x1000bbc8       0x24 c:/maximsdk/tools/gnutools/10.3/bin/../lib/gcc/arm-none-eabi/10.3.1/../../../../arm-none-eabi/lib/thumb/v7e-m+fp/softfp\libc.a(lib_a-stdio.o)
                0x1000bbc8                __sread
 .text.__swrite
                0x1000bbec       0x40 c:/maximsdk/tools/gnutools/10.3/bin/../lib/gcc/arm-none-eabi/10.3.1/../../../../arm-none-eabi/lib/thumb/v7e-m+fp/softfp\libc.a(lib_a-stdio.o)
                0x1000bbec                __swrite
 .text.__sseek  0x1000bc2c       0x20 c:/maximsdk/tools/gnutools/10.3/bin/../lib/gcc/arm-none-eabi/10.3.1/../../../../arm-none-eabi/lib/thumb/v7e-m+fp/softfp\libc.a(lib_a-stdio.o)
                0x1000bc2c                __sseek
 .text.__sclose
                0x1000bc4c        0x8 c:/maximsdk/tools/gnutools/10.3/bin/../lib/gcc/arm-none-eabi/10.3.1/../../../../arm-none-eabi/lib/thumb/v7e-m+fp/softfp\libc.a(lib_a-stdio.o)
                0x1000bc4c                __sclose
 .text.strncpy  0x1000bc54       0x64 c:/maximsdk/tools/gnutools/10.3/bin/../lib/gcc/arm-none-eabi/10.3.1/../../../../arm-none-eabi/lib/thumb/v7e-m+fp/softfp\libc.a(lib_a-strncpy.o)
                0x1000bc54                strncpy
 .text.__ssprint_r
                0x1000bcb8       0xf8 c:/maximsdk/tools/gnutools/10.3/bin/../lib/gcc/arm-none-eabi/10.3.1/../../../../arm-none-eabi/lib/thumb/v7e-m+fp/softfp\libc.a(lib_a-svfiprintf.o)
                0x1000bcb8                __ssprint_r
 .text.__sprint_r.part.0
                0x1000bdb0       0x78 c:/maximsdk/tools/gnutools/10.3/bin/../lib/gcc/arm-none-eabi/10.3.1/../../../../arm-none-eabi/lib/thumb/v7e-m+fp/softfp\libc.a(lib_a-vfiprintf.o)
 .text.__sprint_r
                0x1000be28       0x18 c:/maximsdk/tools/gnutools/10.3/bin/../lib/gcc/arm-none-eabi/10.3.1/../../../../arm-none-eabi/lib/thumb/v7e-m+fp/softfp\libc.a(lib_a-vfiprintf.o)
                0x1000be28                __sprint_r
 .text._vfiprintf_r
                0x1000be40      0xdfc c:/maximsdk/tools/gnutools/10.3/bin/../lib/gcc/arm-none-eabi/10.3.1/../../../../arm-none-eabi/lib/thumb/v7e-m+fp/softfp\libc.a(lib_a-vfiprintf.o)
                0x1000be40                _vfiprintf_r
 .text.__sbprintf
                0x1000cc3c       0x80 c:/maximsdk/tools/gnutools/10.3/bin/../lib/gcc/arm-none-eabi/10.3.1/../../../../arm-none-eabi/lib/thumb/v7e-m+fp/softfp\libc.a(lib_a-vfiprintf.o)
 .text.__swbuf_r
                0x1000ccbc       0xb0 c:/maximsdk/tools/gnutools/10.3/bin/../lib/gcc/arm-none-eabi/10.3.1/../../../../arm-none-eabi/lib/thumb/v7e-m+fp/softfp\libc.a(lib_a-wbuf.o)
                0x1000ccbc                __swbuf_r
 .text._write_r
                0x1000cd6c       0x2c c:/maximsdk/tools/gnutools/10.3/bin/../lib/gcc/arm-none-eabi/10.3.1/../../../../arm-none-eabi/lib/thumb/v7e-m+fp/softfp\libc.a(lib_a-writer.o)
                0x1000cd6c                _write_r
 .text.__register_exitproc
                0x1000cd98       0x8c c:/maximsdk/tools/gnutools/10.3/bin/../lib/gcc/arm-none-eabi/10.3.1/../../../../arm-none-eabi/lib/thumb/v7e-m+fp/softfp\libc.a(lib_a-__atexit.o)
                0x1000cd98                __register_exitproc
 .text.__assert_func
                0x1000ce24       0x40 c:/maximsdk/tools/gnutools/10.3/bin/../lib/gcc/arm-none-eabi/10.3.1/../../../../arm-none-eabi/lib/thumb/v7e-m+fp/softfp\libc.a(lib_a-assert.o)
                0x1000ce24                __assert_func
 .text._calloc_r
                0x1000ce64       0x78 c:/maximsdk/tools/gnutools/10.3/bin/../lib/gcc/arm-none-eabi/10.3.1/../../../../arm-none-eabi/lib/thumb/v7e-m+fp/softfp\libc.a(lib_a-callocr.o)
                0x1000ce64                _calloc_r
 .text._close_r
                0x1000cedc       0x24 c:/maximsdk/tools/gnutools/10.3/bin/../lib/gcc/arm-none-eabi/10.3.1/../../../../arm-none-eabi/lib/thumb/v7e-m+fp/softfp\libc.a(lib_a-closer.o)
                0x1000cedc                _close_r
 .text._fclose_r
                0x1000cf00       0xcc c:/maximsdk/tools/gnutools/10.3/bin/../lib/gcc/arm-none-eabi/10.3.1/../../../../arm-none-eabi/lib/thumb/v7e-m+fp/softfp\libc.a(lib_a-fclose.o)
                0x1000cf00                _fclose_r
 .text.fiprintf
                0x1000cfcc       0x28 c:/maximsdk/tools/gnutools/10.3/bin/../lib/gcc/arm-none-eabi/10.3.1/../../../../arm-none-eabi/lib/thumb/v7e-m+fp/softfp\libc.a(lib_a-fiprintf.o)
                0x1000cfcc                fiprintf
 .text.__fputwc
                0x1000cff4       0xa8 c:/maximsdk/tools/gnutools/10.3/bin/../lib/gcc/arm-none-eabi/10.3.1/../../../../arm-none-eabi/lib/thumb/v7e-m+fp/softfp\libc.a(lib_a-fputwc.o)
                0x1000cff4                __fputwc
 .text._fputwc_r
                0x1000d09c       0x68 c:/maximsdk/tools/gnutools/10.3/bin/../lib/gcc/arm-none-eabi/10.3.1/../../../../arm-none-eabi/lib/thumb/v7e-m+fp/softfp\libc.a(lib_a-fputwc.o)
                0x1000d09c                _fputwc_r
 .text._fstat_r
                0x1000d104       0x2c c:/maximsdk/tools/gnutools/10.3/bin/../lib/gcc/arm-none-eabi/10.3.1/../../../../arm-none-eabi/lib/thumb/v7e-m+fp/softfp\libc.a(lib_a-fstatr.o)
                0x1000d104                _fstat_r
 .text._isatty_r
                0x1000d130       0x24 c:/maximsdk/tools/gnutools/10.3/bin/../lib/gcc/arm-none-eabi/10.3.1/../../../../arm-none-eabi/lib/thumb/v7e-m+fp/softfp\libc.a(lib_a-isattyr.o)
                0x1000d130                _isatty_r
 .text.__locale_mb_cur_max
                0x1000d154        0xc c:/maximsdk/tools/gnutools/10.3/bin/../lib/gcc/arm-none-eabi/10.3.1/../../../../arm-none-eabi/lib/thumb/v7e-m+fp/softfp\libc.a(lib_a-locale.o)
                0x1000d154                __locale_mb_cur_max
 .text._lseek_r
                0x1000d160       0x2c c:/maximsdk/tools/gnutools/10.3/bin/../lib/gcc/arm-none-eabi/10.3.1/../../../../arm-none-eabi/lib/thumb/v7e-m+fp/softfp\libc.a(lib_a-lseekr.o)
                0x1000d160                _lseek_r
 .text.__ascii_mbtowc
                0x1000d18c       0x2c c:/maximsdk/tools/gnutools/10.3/bin/../lib/gcc/arm-none-eabi/10.3.1/../../../../arm-none-eabi/lib/thumb/v7e-m+fp/softfp\libc.a(lib_a-mbtowc_r.o)
                0x1000d18c                __ascii_mbtowc
 .text._read_r  0x1000d1b8       0x2c c:/maximsdk/tools/gnutools/10.3/bin/../lib/gcc/arm-none-eabi/10.3.1/../../../../arm-none-eabi/lib/thumb/v7e-m+fp/softfp\libc.a(lib_a-readr.o)
                0x1000d1b8                _read_r
 .text._wcrtomb_r
                0x1000d1e4       0x3c c:/maximsdk/tools/gnutools/10.3/bin/../lib/gcc/arm-none-eabi/10.3.1/../../../../arm-none-eabi/lib/thumb/v7e-m+fp/softfp\libc.a(lib_a-wcrtomb.o)
                0x1000d1e4                _wcrtomb_r
 .text.__ascii_wctomb
                0x1000d220       0x1c c:/maximsdk/tools/gnutools/10.3/bin/../lib/gcc/arm-none-eabi/10.3.1/../../../../arm-none-eabi/lib/thumb/v7e-m+fp/softfp\libc.a(lib_a-wctomb_r.o)
                0x1000d220                __ascii_wctomb
 .text.abort    0x1000d23c       0x10 c:/maximsdk/tools/gnutools/10.3/bin/../lib/gcc/arm-none-eabi/10.3.1/../../../../arm-none-eabi/lib/thumb/v7e-m+fp/softfp\libc.a(lib_a-abort.o)
                0x1000d23c                abort
 .text.raise    0x1000d24c       0x5c c:/maximsdk/tools/gnutools/10.3/bin/../lib/gcc/arm-none-eabi/10.3.1/../../../../arm-none-eabi/lib/thumb/v7e-m+fp/softfp\libc.a(lib_a-signal.o)
                0x1000d24c                raise
 .text._kill_r  0x1000d2a8       0x2c c:/maximsdk/tools/gnutools/10.3/bin/../lib/gcc/arm-none-eabi/10.3.1/../../../../arm-none-eabi/lib/thumb/v7e-m+fp/softfp\libc.a(lib_a-signalr.o)
                0x1000d2a8                _kill_r
 .text._getpid_r
                0x1000d2d4        0x4 c:/maximsdk/tools/gnutools/10.3/bin/../lib/gcc/arm-none-eabi/10.3.1/../../../../arm-none-eabi/lib/thumb/v7e-m+fp/softfp\libc.a(lib_a-signalr.o)
                0x1000d2d4                _getpid_r
 .text._exit    0x1000d2d8        0x4 c:/maximsdk/tools/gnutools/10.3/bin/../lib/gcc/arm-none-eabi/10.3.1/../../../../arm-none-eabi/lib/thumb/v7e-m+fp/softfp\libnosys.a(_exit.o)
                0x1000d2d8                _exit
 .text          0x1000d2dc      0x378 c:/maximsdk/tools/gnutools/10.3/bin/../lib/gcc/arm-none-eabi/10.3.1/thumb/v7e-m+fp/softfp\libgcc.a(_arm_addsubdf3.o)
                0x1000d2dc                __aeabi_drsub
                0x1000d2e4                __aeabi_dsub
                0x1000d2e4                __subdf3
                0x1000d2e8                __aeabi_dadd
                0x1000d2e8                __adddf3
                0x1000d560                __floatunsidf
                0x1000d560                __aeabi_ui2d
                0x1000d580                __floatsidf
                0x1000d580                __aeabi_i2d
                0x1000d5a4                __aeabi_f2d
                0x1000d5a4                __extendsfdf2
                0x1000d5e8                __floatundidf
                0x1000d5e8                __aeabi_ul2d
                0x1000d5f8                __floatdidf
                0x1000d5f8                __aeabi_l2d
 .text          0x1000d654      0x424 c:/maximsdk/tools/gnutools/10.3/bin/../lib/gcc/arm-none-eabi/10.3.1/thumb/v7e-m+fp/softfp\libgcc.a(_arm_muldivdf3.o)
                0x1000d654                __aeabi_dmul
                0x1000d654                __muldf3
                0x1000d8a8                __divdf3
                0x1000d8a8                __aeabi_ddiv
 .text          0x1000da78      0x110 c:/maximsdk/tools/gnutools/10.3/bin/../lib/gcc/arm-none-eabi/10.3.1/thumb/v7e-m+fp/softfp\libgcc.a(_arm_cmpdf2.o)
                0x1000da78                __gtdf2
                0x1000da78                __gedf2
                0x1000da80                __ltdf2
                0x1000da80                __ledf2
                0x1000da88                __nedf2
                0x1000da88                __eqdf2
                0x1000da88                __cmpdf2
                0x1000db04                __aeabi_cdrcmple
                0x1000db14                __aeabi_cdcmpeq
                0x1000db14                __aeabi_cdcmple
                0x1000db24                __aeabi_dcmpeq
                0x1000db38                __aeabi_dcmplt
                0x1000db4c                __aeabi_dcmple
                0x1000db60                __aeabi_dcmpge
                0x1000db74                __aeabi_dcmpgt
 .text          0x1000db88       0x2c c:/maximsdk/tools/gnutools/10.3/bin/../lib/gcc/arm-none-eabi/10.3.1/thumb/v7e-m+fp/softfp\libgcc.a(_arm_unorddf2.o)
                0x1000db88                __unorddf2
                0x1000db88                __aeabi_dcmpun
 .text          0x1000dbb4       0x50 c:/maximsdk/tools/gnutools/10.3/bin/../lib/gcc/arm-none-eabi/10.3.1/thumb/v7e-m+fp/softfp\libgcc.a(_arm_fixdfsi.o)
                0x1000dbb4                __aeabi_d2iz
                0x1000dbb4                __fixdfsi
 .text          0x1000dc04       0xa0 c:/maximsdk/tools/gnutools/10.3/bin/../lib/gcc/arm-none-eabi/10.3.1/thumb/v7e-m+fp/softfp\libgcc.a(_aeabi_ldivmod.o)
                0x1000dc04                __aeabi_ldivmod
 .text          0x1000dca4       0x30 c:/maximsdk/tools/gnutools/10.3/bin/../lib/gcc/arm-none-eabi/10.3.1/thumb/v7e-m+fp/softfp\libgcc.a(_aeabi_uldivmod.o)
                0x1000dca4                __aeabi_uldivmod
 .text          0x1000dcd4      0x2d0 c:/maximsdk/tools/gnutools/10.3/bin/../lib/gcc/arm-none-eabi/10.3.1/thumb/v7e-m+fp/softfp\libgcc.a(_udivmoddi4.o)
                0x1000dcd4                __udivmoddi4
 .text          0x1000dfa4        0x4 c:/maximsdk/tools/gnutools/10.3/bin/../lib/gcc/arm-none-eabi/10.3.1/thumb/v7e-m+fp/softfp\libgcc.a(_dvmd_tls.o)
                0x1000dfa4                __aeabi_idiv0
                0x1000dfa4                __aeabi_ldiv0
 *(.rodata*)
 .rodata.kernels
                0x1000dfa8     0xe934 c:/MaximSDK/Examples/MAX78000/CNN/fish/build/cnn.o
 .rodata.capture_process_camera.str1.4
                0x1001c8dc       0x28 c:/MaximSDK/Examples/MAX78000/CNN/fish/build/main.o
 .rodata.main.str1.4
                0x1001c904      0x22e c:/MaximSDK/Examples/MAX78000/CNN/fish/build/main.o
 *fill*         0x1001cb32        0x2 
 .rodata.ascii_chars
                0x1001cb34        0xb c:/MaximSDK/Examples/MAX78000/CNN/fish/build/main.o
 *fill*         0x1001cb3f        0x1 
 .rodata.classes
                0x1001cb40       0x3c c:/MaximSDK/Examples/MAX78000/CNN/fish/build/main.o
 .rodata.mxc_assert.str1.4
                0x1001cb7c       0x19 c:/MaximSDK/Examples/MAX78000/CNN/fish/build/board.o
 *fill*         0x1001cb95        0x3 
 .rodata.Board_Init.str1.4
                0x1001cb98       0x45 c:/MaximSDK/Examples/MAX78000/CNN/fish/build/board.o
 *fill*         0x1001cbdd        0x3 
 .rodata.led_pin
                0x1001cbe0       0x24 c:/MaximSDK/Examples/MAX78000/CNN/fish/build/board.o
                0x1001cbe0                led_pin
 .rodata.num_leds
                0x1001cc04        0x4 c:/MaximSDK/Examples/MAX78000/CNN/fish/build/board.o
                0x1001cc04                num_leds
 .rodata.num_pbs
                0x1001cc08        0x4 c:/MaximSDK/Examples/MAX78000/CNN/fish/build/board.o
                0x1001cc08                num_pbs
 .rodata.pb_pin
                0x1001cc0c       0x18 c:/MaximSDK/Examples/MAX78000/CNN/fish/build/board.o
                0x1001cc0c                pb_pin
 .rodata.LED_On.str1.4
                0x1001cc24       0x3b c:/MaximSDK/Examples/MAX78000/CNN/fish/build/led.o
 *fill*         0x1001cc5f        0x1 
 .rodata.PB_IntEnable.str1.4
                0x1001cc60       0x41 c:/MaximSDK/Examples/MAX78000/CNN/fish/build/pb.o
 *fill*         0x1001cca1        0x3 
 .rodata.camera_setup.str1.4
                0x1001cca4       0x1b c:/MaximSDK/Examples/MAX78000/CNN/fish/build/camera.o
 *fill*         0x1001ccbf        0x1 
 .rodata.dump_registers.str1.4
                0x1001ccc0       0x12 c:/MaximSDK/Examples/MAX78000/CNN/fish/build/ov7692.o
 *fill*         0x1001ccd2        0x2 
 .rodata.default_regs
                0x1001ccd4       0x5e c:/MaximSDK/Examples/MAX78000/CNN/fish/build/ov7692.o
 *fill*         0x1001cd32        0x2 
 .rodata.gpio_cfg_scl
                0x1001cd34        0xc c:/MaximSDK/Examples/MAX78000/CNN/fish/build/sccb.o
 .rodata.gpio_cfg_sda
                0x1001cd40        0xc c:/MaximSDK/Examples/MAX78000/CNN/fish/build/sccb.o
 .rodata.gpio_cfg_extclk
                0x1001cd4c        0xc C:/MaximSDK/Libraries/PeriphDrivers/bin/MAX78000/spi-v1_softfp/libPeriphDriver_spi-v1_softfp.a(pins_ai85.o)
                0x1001cd4c                gpio_cfg_extclk
 .rodata.gpio_cfg_i2c0
                0x1001cd58        0xc C:/MaximSDK/Libraries/PeriphDrivers/bin/MAX78000/spi-v1_softfp/libPeriphDriver_spi-v1_softfp.a(pins_ai85.o)
                0x1001cd58                gpio_cfg_i2c0
 .rodata.gpio_cfg_i2c1
                0x1001cd64        0xc C:/MaximSDK/Libraries/PeriphDrivers/bin/MAX78000/spi-v1_softfp/libPeriphDriver_spi-v1_softfp.a(pins_ai85.o)
                0x1001cd64                gpio_cfg_i2c1
 .rodata.gpio_cfg_i2c2
                0x1001cd70        0xc C:/MaximSDK/Libraries/PeriphDrivers/bin/MAX78000/spi-v1_softfp/libPeriphDriver_spi-v1_softfp.a(pins_ai85.o)
                0x1001cd70                gpio_cfg_i2c2
 .rodata.gpio_cfg_pcif_P0_BITS_0_7
                0x1001cd7c        0xc C:/MaximSDK/Libraries/PeriphDrivers/bin/MAX78000/spi-v1_softfp/libPeriphDriver_spi-v1_softfp.a(pins_ai85.o)
                0x1001cd7c                gpio_cfg_pcif_P0_BITS_0_7
 .rodata.gpio_cfg_pcif_P0_BITS_8_9
                0x1001cd88        0xc C:/MaximSDK/Libraries/PeriphDrivers/bin/MAX78000/spi-v1_softfp/libPeriphDriver_spi-v1_softfp.a(pins_ai85.o)
                0x1001cd88                gpio_cfg_pcif_P0_BITS_8_9
 .rodata.gpio_cfg_pcif_P1_BITS_10_11
                0x1001cd94        0xc C:/MaximSDK/Libraries/PeriphDrivers/bin/MAX78000/spi-v1_softfp/libPeriphDriver_spi-v1_softfp.a(pins_ai85.o)
                0x1001cd94                gpio_cfg_pcif_P1_BITS_10_11
 .rodata.gpio_cfg_pcif_hsync
                0x1001cda0        0xc C:/MaximSDK/Libraries/PeriphDrivers/bin/MAX78000/spi-v1_softfp/libPeriphDriver_spi-v1_softfp.a(pins_ai85.o)
                0x1001cda0                gpio_cfg_pcif_hsync
 .rodata.gpio_cfg_pcif_vsync
                0x1001cdac        0xc C:/MaximSDK/Libraries/PeriphDrivers/bin/MAX78000/spi-v1_softfp/libPeriphDriver_spi-v1_softfp.a(pins_ai85.o)
                0x1001cdac                gpio_cfg_pcif_vsync
 .rodata.gpio_cfg_pcif_xclk
                0x1001cdb8        0xc C:/MaximSDK/Libraries/PeriphDrivers/bin/MAX78000/spi-v1_softfp/libPeriphDriver_spi-v1_softfp.a(pins_ai85.o)
                0x1001cdb8                gpio_cfg_pcif_xclk
 .rodata.gpio_cfg_pt0
                0x1001cdc4        0xc C:/MaximSDK/Libraries/PeriphDrivers/bin/MAX78000/spi-v1_softfp/libPeriphDriver_spi-v1_softfp.a(pins_ai85.o)
                0x1001cdc4                gpio_cfg_pt0
 .rodata.gpio_cfg_pt1
                0x1001cdd0        0xc C:/MaximSDK/Libraries/PeriphDrivers/bin/MAX78000/spi-v1_softfp/libPeriphDriver_spi-v1_softfp.a(pins_ai85.o)
                0x1001cdd0                gpio_cfg_pt1
 .rodata.gpio_cfg_pt2
                0x1001cddc        0xc C:/MaximSDK/Libraries/PeriphDrivers/bin/MAX78000/spi-v1_softfp/libPeriphDriver_spi-v1_softfp.a(pins_ai85.o)
                0x1001cddc                gpio_cfg_pt2
 .rodata.gpio_cfg_pt3
                0x1001cde8        0xc C:/MaximSDK/Libraries/PeriphDrivers/bin/MAX78000/spi-v1_softfp/libPeriphDriver_spi-v1_softfp.a(pins_ai85.o)
                0x1001cde8                gpio_cfg_pt3
 .rodata.gpio_cfg_tmr0
                0x1001cdf4        0xc C:/MaximSDK/Libraries/PeriphDrivers/bin/MAX78000/spi-v1_softfp/libPeriphDriver_spi-v1_softfp.a(pins_ai85.o)
                0x1001cdf4                gpio_cfg_tmr0
 .rodata.gpio_cfg_tmr0b
                0x1001ce00        0xc C:/MaximSDK/Libraries/PeriphDrivers/bin/MAX78000/spi-v1_softfp/libPeriphDriver_spi-v1_softfp.a(pins_ai85.o)
                0x1001ce00                gpio_cfg_tmr0b
 .rodata.gpio_cfg_tmr1
                0x1001ce0c        0xc C:/MaximSDK/Libraries/PeriphDrivers/bin/MAX78000/spi-v1_softfp/libPeriphDriver_spi-v1_softfp.a(pins_ai85.o)
                0x1001ce0c                gpio_cfg_tmr1
 .rodata.gpio_cfg_tmr1b
                0x1001ce18        0xc C:/MaximSDK/Libraries/PeriphDrivers/bin/MAX78000/spi-v1_softfp/libPeriphDriver_spi-v1_softfp.a(pins_ai85.o)
                0x1001ce18                gpio_cfg_tmr1b
 .rodata.gpio_cfg_tmr2
                0x1001ce24        0xc C:/MaximSDK/Libraries/PeriphDrivers/bin/MAX78000/spi-v1_softfp/libPeriphDriver_spi-v1_softfp.a(pins_ai85.o)
                0x1001ce24                gpio_cfg_tmr2
 .rodata.gpio_cfg_tmr2b
                0x1001ce30        0xc C:/MaximSDK/Libraries/PeriphDrivers/bin/MAX78000/spi-v1_softfp/libPeriphDriver_spi-v1_softfp.a(pins_ai85.o)
                0x1001ce30                gpio_cfg_tmr2b
 .rodata.gpio_cfg_tmr3
                0x1001ce3c        0xc C:/MaximSDK/Libraries/PeriphDrivers/bin/MAX78000/spi-v1_softfp/libPeriphDriver_spi-v1_softfp.a(pins_ai85.o)
                0x1001ce3c                gpio_cfg_tmr3
 .rodata.gpio_cfg_tmr3b
                0x1001ce48        0xc C:/MaximSDK/Libraries/PeriphDrivers/bin/MAX78000/spi-v1_softfp/libPeriphDriver_spi-v1_softfp.a(pins_ai85.o)
                0x1001ce48                gpio_cfg_tmr3b
 .rodata.gpio_cfg_tmr4
                0x1001ce54        0xc C:/MaximSDK/Libraries/PeriphDrivers/bin/MAX78000/spi-v1_softfp/libPeriphDriver_spi-v1_softfp.a(pins_ai85.o)
                0x1001ce54                gpio_cfg_tmr4
 .rodata.gpio_cfg_tmr5
                0x1001ce60        0xc C:/MaximSDK/Libraries/PeriphDrivers/bin/MAX78000/spi-v1_softfp/libPeriphDriver_spi-v1_softfp.a(pins_ai85.o)
                0x1001ce60                gpio_cfg_tmr5
 .rodata.gpio_cfg_uart0
                0x1001ce6c        0xc C:/MaximSDK/Libraries/PeriphDrivers/bin/MAX78000/spi-v1_softfp/libPeriphDriver_spi-v1_softfp.a(pins_ai85.o)
                0x1001ce6c                gpio_cfg_uart0
 .rodata.gpio_cfg_uart1
                0x1001ce78        0xc C:/MaximSDK/Libraries/PeriphDrivers/bin/MAX78000/spi-v1_softfp/libPeriphDriver_spi-v1_softfp.a(pins_ai85.o)
                0x1001ce78                gpio_cfg_uart1
 .rodata.gpio_cfg_uart2
                0x1001ce84        0xc C:/MaximSDK/Libraries/PeriphDrivers/bin/MAX78000/spi-v1_softfp/libPeriphDriver_spi-v1_softfp.a(pins_ai85.o)
                0x1001ce84                gpio_cfg_uart2
 .rodata.gpio_cfg_uart3
                0x1001ce90        0xc C:/MaximSDK/Libraries/PeriphDrivers/bin/MAX78000/spi-v1_softfp/libPeriphDriver_spi-v1_softfp.a(pins_ai85.o)
                0x1001ce90                gpio_cfg_uart3
 .rodata.MXC_DMA_RevA_Init.str1.4
                0x1001ce9c       0x51 C:/MaximSDK/Libraries/PeriphDrivers/bin/MAX78000/spi-v1_softfp/libPeriphDriver_spi-v1_softfp.a(dma_reva.o)
 *fill*         0x1001ceed        0x3 
 .rodata.MXC_PT_Init.str1.4
                0x1001cef0       0x55 C:/MaximSDK/Libraries/PeriphDrivers/bin/MAX78000/spi-v1_softfp/libPeriphDriver_spi-v1_softfp.a(pt_ai85.o)
 *fill*         0x1001cf45        0x3 
 .rodata.MXC_PT_RevA_Config.str1.4
                0x1001cf48       0x51 C:/MaximSDK/Libraries/PeriphDrivers/bin/MAX78000/spi-v1_softfp/libPeriphDriver_spi-v1_softfp.a(pt_reva.o)
 *fill*         0x1001cf99        0x3 
 .rodata.MXC_TMR_Init.str1.4
                0x1001cf9c       0x50 C:/MaximSDK/Libraries/PeriphDrivers/bin/MAX78000/spi-v1_softfp/libPeriphDriver_spi-v1_softfp.a(tmr_ai85.o)
 .rodata.MXC_TMR_RevB_SetClockSourceFreq.str1.4
                0x1001cfec       0x43 C:/MaximSDK/Libraries/PeriphDrivers/bin/MAX78000/spi-v1_softfp/libPeriphDriver_spi-v1_softfp.a(tmr_revb.o)
                                 0x50 (size before relaxing)
 *fill*         0x1001d02f        0x1 
 .rodata.MXC_UART_RevB_Init.str1.4
                0x1001d030       0x77 C:/MaximSDK/Libraries/PeriphDrivers/bin/MAX78000/spi-v1_softfp/libPeriphDriver_spi-v1_softfp.a(uart_revb.o)
 *fill*         0x1001d0a7        0x1 
 .rodata.MXC_UART_RevB_SetClockSource.str1.4
                0x1001d0a8       0x27 C:/MaximSDK/Libraries/PeriphDrivers/bin/MAX78000/spi-v1_softfp/libPeriphDriver_spi-v1_softfp.a(uart_revb.o)